 Container offload-kafka-backup-run-c545116bec6d Creating 
 Container offload-kafka-backup-run-c545116bec6d Created 
[2m2026-09-15T16:49:08.670587Z[0m [32m INFO[0m [2mkafka_backup::commands::backup[0m[2m:[0m Loading configuration from: /evidence/100g-20260915T164407Z/configs/backup-comparison.yaml
[2m2026-09-15T16:49:08.671694Z[0m [32m INFO[0m [2mkafka_backup::commands::backup[0m[2m:[0m Starting backup: device-telemetry-comparison
[2m2026-09-15T16:49:08.671863Z[0m [32m INFO[0m [2mkafka_backup_core::metrics::server[0m[2m:[0m Metrics server listening on http://0.0.0.0:8080
[2m2026-09-15T16:49:08.674970Z[0m [32m INFO[0m [2mkafka_backup_core::kafka::partition_router[0m[2m:[0m Refreshed metadata: 1 brokers, 59 partition leaders
[2m2026-09-15T16:49:08.699576Z[0m [32m INFO[0m [2mkafka_backup_core::storage::s3[0m[2m:[0m Created S3 backend for bucket: kafka-backups, prefix: Some("backups")
[2m2026-09-15T16:49:08.699625Z[0m [32m INFO[0m [2mkafka_backup_core::circuit_breaker[0m[2m:[0m Created circuit breaker: kafka
[2m2026-09-15T16:49:08.699632Z[0m [32m INFO[0m [2mkafka_backup_core::circuit_breaker[0m[2m:[0m Created circuit breaker: storage
[2m2026-09-15T16:49:08.709218Z[0m [32m INFO[0m [2mkafka_backup_core::backup::engine[0m[2m:[0m Connected to Kafka cluster via partition leader router
[2m2026-09-15T16:49:08.720615Z[0m [32m INFO[0m [2mkafka_backup_core::offset_store::sqlite[0m[2m:[0m Synced offset database to storage: device-telemetry-comparison/offsets.db
[2m2026-09-15T16:49:08.720631Z[0m [32m INFO[0m [2mkafka_backup_core::backup::engine[0m[2m:[0m Backup engine starting with max_concurrent_partitions=8, poll_interval_ms=100
[2m2026-09-15T16:49:08.720635Z[0m [32m INFO[0m [2mkafka_backup_core::backup::engine[0m[2m:[0m include_offset_headers=true (default): every archived record gets x-original-offset and x-original-timestamp and x-source-cluster=local-cp-server headers for header-based consumer offset recovery; set backup.include_offset_headers: false for a header-for-header identical archive, or restore.strip_offset_headers: true to drop them at restore time
[2m2026-09-15T16:49:08.721470Z[0m [32m INFO[0m [2mkafka_backup_core::backup::engine[0m[2m:[0m Backing up 1 topics
[2m2026-09-15T16:49:08.724070Z[0m [32m INFO[0m [2mkafka_backup_core::backup::engine[0m[2m:[0m Snapshot mode: capturing offsets for 1 topics
[2m2026-09-15T16:49:08.728021Z[0m [32m INFO[0m [2mkafka_backup_core::backup::engine[0m[2m:[0m snapshot_capture_complete: 6 partitions in 3ms (53687091 records to back up this run, 53687091 in the captured offset range, 0 partitions resuming from a checkpoint)
[2m2026-09-15T16:49:08.736800Z[0m [32m INFO[0m [2mkafka_backup_core::backup::engine[0m[2m:[0m Spawned 6 backup tasks (max 8 concurrent)
[2m2026-09-15T16:49:11.538326Z[0m [32m INFO[0m [2mkafka_backup_core::segment::writer[0m[2m:[0m Wrote segment device-telemetry-comparison/topics/device-telemetry/partition=0/segment-00000000000000000000.bin.zst with 258676 records (536871828 -> 208081467 bytes, 2.6x compression)
[2m2026-09-15T16:49:11.721782Z[0m [32m INFO[0m [2mkafka_backup_core::segment::writer[0m[2m:[0m Wrote segment device-telemetry-comparison/topics/device-telemetry/partition=2/segment-00000000000000000000.bin.zst with 258684 records (536871084 -> 208084955 bytes, 2.6x compression)
[2m2026-09-15T16:49:11.739894Z[0m [32m INFO[0m [2mkafka_backup_core::segment::writer[0m[2m:[0m Wrote segment device-telemetry-comparison/topics/device-telemetry/partition=3/segment-00000000000000000000.bin.zst with 258666 records (536871360 -> 208086793 bytes, 2.6x compression)
[2m2026-09-15T16:49:11.740340Z[0m [32m INFO[0m [2mkafka_backup_core::segment::writer[0m[2m:[0m Wrote segment device-telemetry-comparison/topics/device-telemetry/partition=1/segment-00000000000000000000.bin.zst with 258670 records (536871404 -> 208082474 bytes, 2.6x compression)
[2m2026-09-15T16:49:11.740768Z[0m [32m INFO[0m [2mkafka_backup_core::segment::writer[0m[2m:[0m Wrote segment device-telemetry-comparison/topics/device-telemetry/partition=5/segment-00000000000000000000.bin.zst with 258677 records (536871025 -> 208071043 bytes, 2.6x compression)
[2m2026-09-15T16:49:11.741202Z[0m [32m INFO[0m [2mkafka_backup_core::segment::writer[0m[2m:[0m Wrote segment device-telemetry-comparison/topics/device-telemetry/partition=4/segment-00000000000000000000.bin.zst with 258680 records (536871212 -> 208071001 bytes, 2.6x compression)
[2m2026-09-15T16:49:13.484981Z[0m [32m INFO[0m [2mkafka_backup_core::segment::writer[0m[2m:[0m Wrote segment device-telemetry-comparison/topics/device-telemetry/partition=0/segment-00000000000000258676.bin.zst with 258671 records (536871578 -> 208086557 bytes, 2.6x compression)
[2m2026-09-15T16:49:13.868514Z[0m [32m INFO[0m [2mkafka_backup_core::segment::writer[0m[2m:[0m Wrote segment device-telemetry-comparison/topics/device-telemetry/partition=5/segment-00000000000000258677.bin.zst with 258672 records (536871794 -> 208089266 bytes, 2.6x compression)
[2m2026-09-15T16:49:13.869097Z[0m [32m INFO[0m [2mkafka_backup_core::segment::writer[0m[2m:[0m Wrote segment device-telemetry-comparison/topics/device-telemetry/partition=1/segment-00000000000000258670.bin.zst with 258666 records (536871191 -> 208091033 bytes, 2.6x compression)
[2m2026-09-15T16:49:13.869582Z[0m [32m INFO[0m [2mkafka_backup_core::segment::writer[0m[2m:[0m Wrote segment device-telemetry-comparison/topics/device-telemetry/partition=4/segment-00000000000000258680.bin.zst with 258675 records (536871020 -> 208082461 bytes, 2.6x compression)
[2m2026-09-15T16:49:13.871540Z[0m [32m INFO[0m [2mkafka_backup_core::segment::writer[0m[2m:[0m Wrote segment device-telemetry-comparison/topics/device-telemetry/partition=3/segment-00000000000000258666.bin.zst with 258661 records (536871078 -> 208089534 bytes, 2.6x compression)
[2m2026-09-15T16:49:13.872076Z[0m [32m INFO[0m [2mkafka_backup_core::segment::writer[0m[2m:[0m Wrote segment device-telemetry-comparison/topics/device-telemetry/partition=2/segment-00000000000000258684.bin.zst with 258679 records (536871946 -> 208093651 bytes, 2.6x compression)
[2m2026-09-15T16:49:15.367140Z[0m [32m INFO[0m [2mkafka_backup_core::segment::writer[0m[2m:[0m Wrote segment device-telemetry-comparison/topics/device-telemetry/partition=0/segment-00000000000000517347.bin.zst with 258672 records (536872726 -> 208091955 bytes, 2.6x compression)
[2m2026-09-15T16:49:15.911395Z[0m [32m INFO[0m [2mkafka_backup_core::segment::writer[0m[2m:[0m Wrote segment device-telemetry-comparison/topics/device-telemetry/partition=5/segment-00000000000000517349.bin.zst with 258672 records (536871709 -> 208084733 bytes, 2.6x compression)
[2m2026-09-15T16:49:15.911929Z[0m [32m INFO[0m [2mkafka_backup_core::segment::writer[0m[2m:[0m Wrote segment device-telemetry-comparison/topics/device-telemetry/partition=3/segment-00000000000000517327.bin.zst with 258661 records (536872817 -> 208092016 bytes, 2.6x compression)
[2m2026-09-15T16:49:15.912433Z[0m [32m INFO[0m [2mkafka_backup_core::segment::writer[0m[2m:[0m Wrote segment device-telemetry-comparison/topics/device-telemetry/partition=1/segment-00000000000000517336.bin.zst with 258667 records (536872916 -> 208088529 bytes, 2.6x compression)
[2m2026-09-15T16:49:15.912936Z[0m [32m INFO[0m [2mkafka_backup_core::segment::writer[0m[2m:[0m Wrote segment device-telemetry-comparison/topics/device-telemetry/partition=2/segment-00000000000000517363.bin.zst with 258680 records (536872242 -> 208097616 bytes, 2.6x compression)
[2m2026-09-15T16:49:15.913256Z[0m [32m INFO[0m [2mkafka_backup_core::segment::writer[0m[2m:[0m Wrote segment device-telemetry-comparison/topics/device-telemetry/partition=4/segment-00000000000000517355.bin.zst with 258676 records (536872307 -> 208085188 bytes, 2.6x compression)
[2m2026-09-15T16:49:17.217732Z[0m [32m INFO[0m [2mkafka_backup_core::segment::writer[0m[2m:[0m Wrote segment device-telemetry-comparison/topics/device-telemetry/partition=0/segment-00000000000000776019.bin.zst with 258673 records (536871972 -> 208084296 bytes, 2.6x compression)
[2m2026-09-15T16:49:17.926469Z[0m [32m INFO[0m [2mkafka_backup_core::segment::writer[0m[2m:[0m Wrote segment device-telemetry-comparison/topics/device-telemetry/partition=1/segment-00000000000000776003.bin.zst with 258666 records (536871956 -> 208090358 bytes, 2.6x compression)
[2m2026-09-15T16:49:17.931116Z[0m [32m INFO[0m [2mkafka_backup_core::segment::writer[0m[2m:[0m Wrote segment device-telemetry-comparison/topics/device-telemetry/partition=2/segment-00000000000000776043.bin.zst with 258680 records (536871433 -> 208095159 bytes, 2.6x compression)
[2m2026-09-15T16:49:17.931574Z[0m [32m INFO[0m [2mkafka_backup_core::segment::writer[0m[2m:[0m Wrote segment device-telemetry-comparison/topics/device-telemetry/partition=3/segment-00000000000000775988.bin.zst with 258660 records (536871420 -> 208095158 bytes, 2.6x compression)
[2m2026-09-15T16:49:17.931992Z[0m [32m INFO[0m [2mkafka_backup_core::segment::writer[0m[2m:[0m Wrote segment device-telemetry-comparison/topics/device-telemetry/partition=5/segment-00000000000000776021.bin.zst with 258672 records (536871176 -> 208085428 bytes, 2.6x compression)
[2m2026-09-15T16:49:17.932554Z[0m [32m INFO[0m [2mkafka_backup_core::segment::writer[0m[2m:[0m Wrote segment device-telemetry-comparison/topics/device-telemetry/partition=4/segment-00000000000000776031.bin.zst with 258677 records (536872230 -> 208081429 bytes, 2.6x compression)
[2m2026-09-15T16:49:19.119044Z[0m [32m INFO[0m [2mkafka_backup_core::segment::writer[0m[2m:[0m Wrote segment device-telemetry-comparison/topics/device-telemetry/partition=0/segment-00000000000001034692.bin.zst with 258555 records (536872770 -> 208238654 bytes, 2.6x compression)
[2m2026-09-15T16:49:19.927633Z[0m [32m INFO[0m [2mkafka_backup_core::segment::writer[0m[2m:[0m Wrote segment device-telemetry-comparison/topics/device-telemetry/partition=4/segment-00000000000001034708.bin.zst with 258556 records (536871043 -> 208230324 bytes, 2.6x compression)
[2m2026-09-15T16:49:19.945920Z[0m [32m INFO[0m [2mkafka_backup_core::segment::writer[0m[2m:[0m Wrote segment device-telemetry-comparison/topics/device-telemetry/partition=3/segment-00000000000001034648.bin.zst with 258544 records (536871710 -> 208242844 bytes, 2.6x compression)
[2m2026-09-15T16:49:19.946408Z[0m [32m INFO[0m [2mkafka_backup_core::segment::writer[0m[2m:[0m Wrote segment device-telemetry-comparison/topics/device-telemetry/partition=1/segment-00000000000001034669.bin.zst with 258549 records (536871060 -> 208237220 bytes, 2.6x compression)
[2m2026-09-15T16:49:19.946911Z[0m [32m INFO[0m [2mkafka_backup_core::segment::writer[0m[2m:[0m Wrote segment device-telemetry-comparison/topics/device-telemetry/partition=5/segment-00000000000001034693.bin.zst with 258554 records (536871422 -> 208225926 bytes, 2.6x compression)
[2m2026-09-15T16:49:19.947380Z[0m [32m INFO[0m [2mkafka_backup_core::segment::writer[0m[2m:[0m Wrote segment device-telemetry-comparison/topics/device-telemetry/partition=2/segment-00000000000001034723.bin.zst with 258561 records (536871235 -> 208243386 bytes, 2.6x compression)
[2m2026-09-15T16:49:21.029906Z[0m [32m INFO[0m [2mkafka_backup_core::segment::writer[0m[2m:[0m Wrote segment device-telemetry-comparison/topics/device-telemetry/partition=0/segment-00000000000001293247.bin.zst with 258549 records (536871581 -> 208235126 bytes, 2.6x compression)
[2m2026-09-15T16:49:21.839587Z[0m [32m INFO[0m [2mkafka_backup_core::segment::writer[0m[2m:[0m Wrote segment device-telemetry-comparison/topics/device-telemetry/partition=2/segment-00000000000001293284.bin.zst with 258557 records (536871034 -> 208251365 bytes, 2.6x compression)
[2m2026-09-15T16:49:21.843692Z[0m [32m INFO[0m [2mkafka_backup_core::segment::writer[0m[2m:[0m Wrote segment device-telemetry-comparison/topics/device-telemetry/partition=4/segment-00000000000001293264.bin.zst with 258550 records (536872529 -> 208242178 bytes, 2.6x compression)
[2m2026-09-15T16:49:21.952171Z[0m [32m INFO[0m [2mkafka_backup_core::segment::writer[0m[2m:[0m Wrote segment device-telemetry-comparison/topics/device-telemetry/partition=5/segment-00000000000001293247.bin.zst with 258548 records (536871981 -> 208241035 bytes, 2.6x compression)
[2m2026-09-15T16:49:21.952772Z[0m [32m INFO[0m [2mkafka_backup_core::segment::writer[0m[2m:[0m Wrote segment device-telemetry-comparison/topics/device-telemetry/partition=1/segment-00000000000001293218.bin.zst with 258542 records (536872143 -> 208244903 bytes, 2.6x compression)
[2m2026-09-15T16:49:21.953294Z[0m [32m INFO[0m [2mkafka_backup_core::segment::writer[0m[2m:[0m Wrote segment device-telemetry-comparison/topics/device-telemetry/partition=3/segment-00000000000001293192.bin.zst with 258536 records (536871384 -> 208253758 bytes, 2.6x compression)
[2m2026-09-15T16:49:22.915039Z[0m [32m INFO[0m [2mkafka_backup_core::segment::writer[0m[2m:[0m Wrote segment device-telemetry-comparison/topics/device-telemetry/partition=0/segment-00000000000001551796.bin.zst with 258550 records (536872320 -> 208244599 bytes, 2.6x compression)
[2m2026-09-15T16:49:23.744643Z[0m [32m INFO[0m [2mkafka_backup_core::segment::writer[0m[2m:[0m Wrote segment device-telemetry-comparison/topics/device-telemetry/partition=2/segment-00000000000001551841.bin.zst with 258556 records (536872402 -> 208250053 bytes, 2.6x compression)
[2m2026-09-15T16:49:23.748905Z[0m [32m INFO[0m [2mkafka_backup_core::segment::writer[0m[2m:[0m Wrote segment device-telemetry-comparison/topics/device-telemetry/partition=4/segment-00000000000001551814.bin.zst with 258550 records (536871685 -> 208237548 bytes, 2.6x compression)
[2m2026-09-15T16:49:23.907087Z[0m [32m INFO[0m [2mkafka_backup_core::segment::writer[0m[2m:[0m Wrote segment device-telemetry-comparison/topics/device-telemetry/partition=3/segment-00000000000001551728.bin.zst with 258536 records (536872514 -> 208245374 bytes, 2.6x compression)
[2m2026-09-15T16:49:23.907625Z[0m [32m INFO[0m [2mkafka_backup_core::segment::writer[0m[2m:[0m Wrote segment device-telemetry-comparison/topics/device-telemetry/partition=1/segment-00000000000001551760.bin.zst with 258540 records (536871234 -> 208247745 bytes, 2.6x compression)
[2m2026-09-15T16:49:23.908114Z[0m [32m INFO[0m [2mkafka_backup_core::segment::writer[0m[2m:[0m Wrote segment device-telemetry-comparison/topics/device-telemetry/partition=5/segment-00000000000001551795.bin.zst with 258548 records (536871625 -> 208242296 bytes, 2.6x compression)
[2m2026-09-15T16:49:24.832030Z[0m [32m INFO[0m [2mkafka_backup_core::segment::writer[0m[2m:[0m Wrote segment device-telemetry-comparison/topics/device-telemetry/partition=0/segment-00000000000001810346.bin.zst with 258550 records (536872417 -> 208245688 bytes, 2.6x compression)
[2m2026-09-15T16:49:25.631310Z[0m [32m INFO[0m [2mkafka_backup_core::segment::writer[0m[2m:[0m Wrote segment device-telemetry-comparison/topics/device-telemetry/partition=2/segment-00000000000001810397.bin.zst with 258555 records (536872115 -> 208251094 bytes, 2.6x compression)
[2m2026-09-15T16:49:25.685820Z[0m [32m INFO[0m [2mkafka_backup_core::segment::writer[0m[2m:[0m Wrote segment device-telemetry-comparison/topics/device-telemetry/partition=4/segment-00000000000001810364.bin.zst with 258550 records (536872625 -> 208241999 bytes, 2.6x compression)
[2m2026-09-15T16:49:25.850709Z[0m [32m INFO[0m [2mkafka_backup_core::segment::writer[0m[2m:[0m Wrote segment device-telemetry-comparison/topics/device-telemetry/partition=3/segment-00000000000001810264.bin.zst with 258536 records (536872411 -> 208249124 bytes, 2.6x compression)
[2m2026-09-15T16:49:25.851140Z[0m [32m INFO[0m [2mkafka_backup_core::segment::writer[0m[2m:[0m Wrote segment device-telemetry-comparison/topics/device-telemetry/partition=1/segment-00000000000001810300.bin.zst with 258542 records (536872053 -> 208250332 bytes, 2.6x compression)
[2m2026-09-15T16:49:25.851492Z[0m [32m INFO[0m [2mkafka_backup_core::segment::writer[0m[2m:[0m Wrote segment device-telemetry-comparison/topics/device-telemetry/partition=5/segment-00000000000001810343.bin.zst with 258548 records (536871455 -> 208242652 bytes, 2.6x compression)
[2m2026-09-15T16:49:26.714965Z[0m [32m INFO[0m [2mkafka_backup_core::segment::writer[0m[2m:[0m Wrote segment device-telemetry-comparison/topics/device-telemetry/partition=0/segment-00000000000002068896.bin.zst with 258548 records (536871029 -> 208242087 bytes, 2.6x compression)
[2m2026-09-15T16:49:27.550936Z[0m [32m INFO[0m [2mkafka_backup_core::segment::writer[0m[2m:[0m Wrote segment device-telemetry-comparison/topics/device-telemetry/partition=2/segment-00000000000002068952.bin.zst with 258553 records (536870949 -> 208255150 bytes, 2.6x compression)
[2m2026-09-15T16:49:27.619208Z[0m [32m INFO[0m [2mkafka_backup_core::segment::writer[0m[2m:[0m Wrote segment device-telemetry-comparison/topics/device-telemetry/partition=4/segment-00000000000002068914.bin.zst with 258550 records (536872437 -> 208239170 bytes, 2.6x compression)
[2m2026-09-15T16:49:27.825579Z[0m [32m INFO[0m [2mkafka_backup_core::segment::writer[0m[2m:[0m Wrote segment device-telemetry-comparison/topics/device-telemetry/partition=5/segment-00000000000002068891.bin.zst with 258549 records (536871840 -> 208239853 bytes, 2.6x compression)
[2m2026-09-15T16:49:27.826216Z[0m [32m INFO[0m [2mkafka_backup_core::segment::writer[0m[2m:[0m Wrote segment device-telemetry-comparison/topics/device-telemetry/partition=1/segment-00000000000002068842.bin.zst with 258542 records (536872864 -> 208246648 bytes, 2.6x compression)
[2m2026-09-15T16:49:27.826640Z[0m [32m INFO[0m [2mkafka_backup_core::segment::writer[0m[2m:[0m Wrote segment device-telemetry-comparison/topics/device-telemetry/partition=3/segment-00000000000002068800.bin.zst with 258538 records (536871812 -> 208253284 bytes, 2.6x compression)
[2m2026-09-15T16:49:28.615038Z[0m [32m INFO[0m [2mkafka_backup_core::segment::writer[0m[2m:[0m Wrote segment device-telemetry-comparison/topics/device-telemetry/partition=0/segment-00000000000002327444.bin.zst with 258550 records (536871228 -> 208240357 bytes, 2.6x compression)
[2m2026-09-15T16:49:29.470414Z[0m [32m INFO[0m [2mkafka_backup_core::segment::writer[0m[2m:[0m Wrote segment device-telemetry-comparison/topics/device-telemetry/partition=2/segment-00000000000002327505.bin.zst with 258555 records (536871671 -> 208248252 bytes, 2.6x compression)
[2m2026-09-15T16:49:29.686970Z[0m [32m INFO[0m [2mkafka_backup_core::segment::writer[0m[2m:[0m Wrote segment device-telemetry-comparison/topics/device-telemetry/partition=1/segment-00000000000002327384.bin.zst with 258542 records (536871377 -> 208249676 bytes, 2.6x compression)
[2m2026-09-15T16:49:29.817337Z[0m [32m INFO[0m [2mkafka_backup_core::segment::writer[0m[2m:[0m Wrote segment device-telemetry-comparison/topics/device-telemetry/partition=5/segment-00000000000002327440.bin.zst with 258549 records (536871611 -> 208236279 bytes, 2.6x compression)
[2m2026-09-15T16:49:29.818016Z[0m [32m INFO[0m [2mkafka_backup_core::segment::writer[0m[2m:[0m Wrote segment device-telemetry-comparison/topics/device-telemetry/partition=3/segment-00000000000002327338.bin.zst with 258537 records (536872428 -> 208255314 bytes, 2.6x compression)
[2m2026-09-15T16:49:30.147834Z[0m [32m INFO[0m [2mkafka_backup_core::segment::writer[0m[2m:[0m Wrote segment device-telemetry-comparison/topics/device-telemetry/partition=4/segment-00000000000002327464.bin.zst with 258551 records (536870949 -> 208238883 bytes, 2.6x compression)
[2m2026-09-15T16:49:30.532494Z[0m [32m INFO[0m [2mkafka_backup_core::segment::writer[0m[2m:[0m Wrote segment device-telemetry-comparison/topics/device-telemetry/partition=0/segment-00000000000002585994.bin.zst with 258549 records (536871313 -> 208239958 bytes, 2.6x compression)
[2m2026-09-15T16:49:31.329468Z[0m [32m INFO[0m [2mkafka_backup_core::segment::writer[0m[2m:[0m Wrote segment device-telemetry-comparison/topics/device-telemetry/partition=2/segment-00000000000002586060.bin.zst with 258555 records (536872625 -> 208257930 bytes, 2.6x compression)
[2m2026-09-15T16:49:31.596939Z[0m [32m INFO[0m [2mkafka_backup_core::segment::writer[0m[2m:[0m Wrote segment device-telemetry-comparison/topics/device-telemetry/partition=1/segment-00000000000002585926.bin.zst with 258543 records (536871204 -> 208242046 bytes, 2.6x compression)
[2m2026-09-15T16:49:31.660841Z[0m [32m INFO[0m [2mkafka_backup_core::segment::writer[0m[2m:[0m Wrote segment device-telemetry-comparison/topics/device-telemetry/partition=3/segment-00000000000002585875.bin.zst with 258537 records (536872000 -> 208249892 bytes, 2.6x compression)
[2m2026-09-15T16:49:31.726967Z[0m [32m INFO[0m [2mkafka_backup_core::segment::writer[0m[2m:[0m Wrote segment device-telemetry-comparison/topics/device-telemetry/partition=5/segment-00000000000002585989.bin.zst with 258550 records (536872401 -> 208236027 bytes, 2.6x compression)
[2m2026-09-15T16:49:31.984840Z[0m [32m INFO[0m [2mkafka_backup_core::segment::writer[0m[2m:[0m Wrote segment device-telemetry-comparison/topics/device-telemetry/partition=4/segment-00000000000002586015.bin.zst with 258551 records (536870915 -> 208238327 bytes, 2.6x compression)
[2m2026-09-15T16:49:32.427914Z[0m [32m INFO[0m [2mkafka_backup_core::segment::writer[0m[2m:[0m Wrote segment device-telemetry-comparison/topics/device-telemetry/partition=0/segment-00000000000002844543.bin.zst with 258547 records (536871766 -> 208245768 bytes, 2.6x compression)
[2m2026-09-15T16:49:33.235921Z[0m [32m INFO[0m [2mkafka_backup_core::segment::writer[0m[2m:[0m Wrote segment device-telemetry-comparison/topics/device-telemetry/partition=2/segment-00000000000002844615.bin.zst with 258556 records (536872128 -> 208255560 bytes, 2.6x compression)
[2m2026-09-15T16:49:33.559472Z[0m [32m INFO[0m [2mkafka_backup_core::segment::writer[0m[2m:[0m Wrote segment device-telemetry-comparison/topics/device-telemetry/partition=1/segment-00000000000002844469.bin.zst with 258542 records (536871040 -> 208248604 bytes, 2.6x compression)
[2m2026-09-15T16:49:33.559790Z[0m [32m INFO[0m [2mkafka_backup_core::segment::writer[0m[2m:[0m Wrote segment device-telemetry-comparison/topics/device-telemetry/partition=3/segment-00000000000002844412.bin.zst with 258536 records (536871422 -> 208251386 bytes, 2.6x compression)
[2m2026-09-15T16:49:33.645017Z[0m [32m INFO[0m [2mkafka_backup_core::segment::writer[0m[2m:[0m Wrote segment device-telemetry-comparison/topics/device-telemetry/partition=5/segment-00000000000002844539.bin.zst with 258545 records (536871540 -> 208237962 bytes, 2.6x compression)
[2m2026-09-15T16:49:33.855872Z[0m [32m INFO[0m [2mkafka_backup_core::segment::writer[0m[2m:[0m Wrote segment device-telemetry-comparison/topics/device-telemetry/partition=4/segment-00000000000002844566.bin.zst with 258549 records (536871187 -> 208239079 bytes, 2.6x compression)
[2m2026-09-15T16:49:34.371642Z[0m [32m INFO[0m [2mkafka_backup_core::segment::writer[0m[2m:[0m Wrote segment device-telemetry-comparison/topics/device-telemetry/partition=0/segment-00000000000003103090.bin.zst with 258548 records (536872598 -> 208247081 bytes, 2.6x compression)
[2m2026-09-15T16:49:35.209273Z[0m [32m INFO[0m [2mkafka_backup_core::segment::writer[0m[2m:[0m Wrote segment device-telemetry-comparison/topics/device-telemetry/partition=2/segment-00000000000003103171.bin.zst with 258556 records (536872079 -> 208248416 bytes, 2.6x compression)
[2m2026-09-15T16:49:35.582036Z[0m [32m INFO[0m [2mkafka_backup_core::segment::writer[0m[2m:[0m Wrote segment device-telemetry-comparison/topics/device-telemetry/partition=1/segment-00000000000003103011.bin.zst with 258541 records (536871351 -> 208251609 bytes, 2.6x compression)
[2m2026-09-15T16:49:35.582375Z[0m [32m INFO[0m [2mkafka_backup_core::segment::writer[0m[2m:[0m Wrote segment device-telemetry-comparison/topics/device-telemetry/partition=3/segment-00000000000003102948.bin.zst with 258536 records (536872489 -> 208253669 bytes, 2.6x compression)
[2m2026-09-15T16:49:35.645842Z[0m [32m INFO[0m [2mkafka_backup_core::segment::writer[0m[2m:[0m Wrote segment device-telemetry-comparison/topics/device-telemetry/partition=5/segment-00000000000003103084.bin.zst with 258548 records (536871357 -> 208237570 bytes, 2.6x compression)
[2m2026-09-15T16:49:35.796460Z[0m [32m INFO[0m [2mkafka_backup_core::segment::writer[0m[2m:[0m Wrote segment device-telemetry-comparison/topics/device-telemetry/partition=4/segment-00000000000003103115.bin.zst with 258549 records (536870925 -> 208240746 bytes, 2.6x compression)
[2m2026-09-15T16:49:36.303620Z[0m [32m INFO[0m [2mkafka_backup_core::segment::writer[0m[2m:[0m Wrote segment device-telemetry-comparison/topics/device-telemetry/partition=0/segment-00000000000003361638.bin.zst with 258549 records (536871268 -> 208242672 bytes, 2.6x compression)
[2m2026-09-15T16:49:37.164777Z[0m [32m INFO[0m [2mkafka_backup_core::segment::writer[0m[2m:[0m Wrote segment device-telemetry-comparison/topics/device-telemetry/partition=2/segment-00000000000003361727.bin.zst with 258556 records (536872486 -> 208250337 bytes, 2.6x compression)
[2m2026-09-15T16:49:37.586706Z[0m [32m INFO[0m [2mkafka_backup_core::segment::writer[0m[2m:[0m Wrote segment device-telemetry-comparison/topics/device-telemetry/partition=1/segment-00000000000003361552.bin.zst with 258544 records (536871591 -> 208247051 bytes, 2.6x compression)
[2m2026-09-15T16:49:37.603887Z[0m [32m INFO[0m [2mkafka_backup_core::segment::writer[0m[2m:[0m Wrote segment device-telemetry-comparison/topics/device-telemetry/partition=5/segment-00000000000003361632.bin.zst with 258547 records (536871758 -> 208241222 bytes, 2.6x compression)
[2m2026-09-15T16:49:37.604466Z[0m [32m INFO[0m [2mkafka_backup_core::segment::writer[0m[2m:[0m Wrote segment device-telemetry-comparison/topics/device-telemetry/partition=3/segment-00000000000003361484.bin.zst with 258537 records (536871089 -> 208247624 bytes, 2.6x compression)
[2m2026-09-15T16:49:37.721141Z[0m [32m INFO[0m [2mkafka_backup_core::segment::writer[0m[2m:[0m Wrote segment device-telemetry-comparison/topics/device-telemetry/partition=4/segment-00000000000003361664.bin.zst with 258550 records (536872119 -> 208243090 bytes, 2.6x compression)
[2m2026-09-15T16:49:38.236036Z[0m [32m INFO[0m [2mkafka_backup_core::segment::writer[0m[2m:[0m Wrote segment device-telemetry-comparison/topics/device-telemetry/partition=0/segment-00000000000003620187.bin.zst with 258550 records (536872567 -> 208243425 bytes, 2.6x compression)
[2m2026-09-15T16:49:39.064988Z[0m [32m INFO[0m [2mkafka_backup_core::segment::writer[0m[2m:[0m Wrote segment device-telemetry-comparison/topics/device-telemetry/partition=2/segment-00000000000003620283.bin.zst with 258555 records (536872022 -> 208250247 bytes, 2.6x compression)
[2m2026-09-15T16:49:39.079591Z[0m [32m INFO[0m [2mkafka_backup_core::offset_store::sqlite[0m[2m:[0m Synced offset database to storage: device-telemetry-comparison/offsets.db
[2m2026-09-15T16:49:39.520991Z[0m [32m INFO[0m [2mkafka_backup_core::segment::writer[0m[2m:[0m Wrote segment device-telemetry-comparison/topics/device-telemetry/partition=1/segment-00000000000003620096.bin.zst with 258542 records (536871707 -> 208246264 bytes, 2.6x compression)
[2m2026-09-15T16:49:39.604857Z[0m [32m INFO[0m [2mkafka_backup_core::segment::writer[0m[2m:[0m Wrote segment device-telemetry-comparison/topics/device-telemetry/partition=3/segment-00000000000003620021.bin.zst with 258537 records (536872033 -> 208246648 bytes, 2.6x compression)
[2m2026-09-15T16:49:39.605429Z[0m [32m INFO[0m [2mkafka_backup_core::segment::writer[0m[2m:[0m Wrote segment device-telemetry-comparison/topics/device-telemetry/partition=5/segment-00000000000003620179.bin.zst with 258547 records (536871178 -> 208240008 bytes, 2.6x compression)
[2m2026-09-15T16:49:39.697391Z[0m [32m INFO[0m [2mkafka_backup_core::segment::writer[0m[2m:[0m Wrote segment device-telemetry-comparison/topics/device-telemetry/partition=4/segment-00000000000003620214.bin.zst with 258551 records (536872977 -> 208245380 bytes, 2.6x compression)
[2m2026-09-15T16:49:40.162457Z[0m [32m INFO[0m [2mkafka_backup_core::segment::writer[0m[2m:[0m Wrote segment device-telemetry-comparison/topics/device-telemetry/partition=0/segment-00000000000003878737.bin.zst with 258549 records (536871988 -> 208248680 bytes, 2.6x compression)
[2m2026-09-15T16:49:40.992094Z[0m [32m INFO[0m [2mkafka_backup_core::segment::writer[0m[2m:[0m Wrote segment device-telemetry-comparison/topics/device-telemetry/partition=2/segment-00000000000003878838.bin.zst with 258555 records (536872687 -> 208256206 bytes, 2.6x compression)
[2m2026-09-15T16:49:41.451661Z[0m [32m INFO[0m [2mkafka_backup_core::segment::writer[0m[2m:[0m Wrote segment device-telemetry-comparison/topics/device-telemetry/partition=1/segment-00000000000003878638.bin.zst with 258541 records (536872797 -> 208252933 bytes, 2.6x compression)
[2m2026-09-15T16:49:41.574358Z[0m [32m INFO[0m [2mkafka_backup_core::segment::writer[0m[2m:[0m Wrote segment device-telemetry-comparison/topics/device-telemetry/partition=5/segment-00000000000003878726.bin.zst with 258546 records (536872780 -> 208244658 bytes, 2.6x compression)
[2m2026-09-15T16:49:41.577701Z[0m [32m INFO[0m [2mkafka_backup_core::segment::writer[0m[2m:[0m Wrote segment device-telemetry-comparison/topics/device-telemetry/partition=3/segment-00000000000003878558.bin.zst with 258538 records (536871059 -> 208247890 bytes, 2.6x compression)
[2m2026-09-15T16:49:41.623534Z[0m [32m INFO[0m [2mkafka_backup_core::segment::writer[0m[2m:[0m Wrote segment device-telemetry-comparison/topics/device-telemetry/partition=4/segment-00000000000003878765.bin.zst with 258551 records (536871851 -> 208237913 bytes, 2.6x compression)
[2m2026-09-15T16:49:42.060162Z[0m [32m INFO[0m [2mkafka_backup_core::segment::writer[0m[2m:[0m Wrote segment device-telemetry-comparison/topics/device-telemetry/partition=0/segment-00000000000004137286.bin.zst with 258548 records (536872401 -> 208245088 bytes, 2.6x compression)
[2m2026-09-15T16:49:42.909052Z[0m [32m INFO[0m [2mkafka_backup_core::segment::writer[0m[2m:[0m Wrote segment device-telemetry-comparison/topics/device-telemetry/partition=2/segment-00000000000004137393.bin.zst with 258556 records (536872874 -> 208253353 bytes, 2.6x compression)
[2m2026-09-15T16:49:43.345136Z[0m [32m INFO[0m [2mkafka_backup_core::segment::writer[0m[2m:[0m Wrote segment device-telemetry-comparison/topics/device-telemetry/partition=1/segment-00000000000004137179.bin.zst with 258540 records (536871021 -> 208248929 bytes, 2.6x compression)
[2m2026-09-15T16:49:43.464071Z[0m [32m INFO[0m [2mkafka_backup_core::segment::writer[0m[2m:[0m Wrote segment device-telemetry-comparison/topics/device-telemetry/partition=5/segment-00000000000004137272.bin.zst with 258548 records (536872385 -> 208240815 bytes, 2.6x compression)
[2m2026-09-15T16:49:43.469744Z[0m [32m INFO[0m [2mkafka_backup_core::segment::writer[0m[2m:[0m Wrote segment device-telemetry-comparison/topics/device-telemetry/partition=3/segment-00000000000004137096.bin.zst with 258540 records (536872621 -> 208240289 bytes, 2.6x compression)
[2m2026-09-15T16:49:43.532544Z[0m [32m INFO[0m [2mkafka_backup_core::segment::writer[0m[2m:[0m Wrote segment device-telemetry-comparison/topics/device-telemetry/partition=4/segment-00000000000004137316.bin.zst with 258549 records (536872453 -> 208240212 bytes, 2.6x compression)
[2m2026-09-15T16:49:43.962993Z[0m [32m INFO[0m [2mkafka_backup_core::segment::writer[0m[2m:[0m Wrote segment device-telemetry-comparison/topics/device-telemetry/partition=0/segment-00000000000004395834.bin.zst with 258547 records (536871962 -> 208239813 bytes, 2.6x compression)
[2m2026-09-15T16:49:44.804615Z[0m [32m INFO[0m [2mkafka_backup_core::segment::writer[0m[2m:[0m Wrote segment device-telemetry-comparison/topics/device-telemetry/partition=2/segment-00000000000004395949.bin.zst with 258556 records (536872594 -> 208251838 bytes, 2.6x compression)
[2m2026-09-15T16:49:45.216562Z[0m [32m INFO[0m [2mkafka_backup_core::segment::writer[0m[2m:[0m Wrote segment device-telemetry-comparison/topics/device-telemetry/partition=1/segment-00000000000004395719.bin.zst with 258544 records (536871097 -> 208243206 bytes, 2.6x compression)
[2m2026-09-15T16:49:45.324163Z[0m [32m INFO[0m [2mkafka_backup_core::segment::writer[0m[2m:[0m Wrote segment device-telemetry-comparison/topics/device-telemetry/partition=5/segment-00000000000004395820.bin.zst with 258548 records (536871343 -> 208232939 bytes, 2.6x compression)
[2m2026-09-15T16:49:45.392560Z[0m [32m INFO[0m [2mkafka_backup_core::segment::writer[0m[2m:[0m Wrote segment device-telemetry-comparison/topics/device-telemetry/partition=3/segment-00000000000004395636.bin.zst with 258538 records (536872856 -> 208249026 bytes, 2.6x compression)
[2m2026-09-15T16:49:45.444092Z[0m [32m INFO[0m [2mkafka_backup_core::segment::writer[0m[2m:[0m Wrote segment device-telemetry-comparison/topics/device-telemetry/partition=4/segment-00000000000004395865.bin.zst with 258550 records (536870947 -> 208241407 bytes, 2.6x compression)
[2m2026-09-15T16:49:45.865798Z[0m [32m INFO[0m [2mkafka_backup_core::segment::writer[0m[2m:[0m Wrote segment device-telemetry-comparison/topics/device-telemetry/partition=0/segment-00000000000004654381.bin.zst with 258549 records (536872190 -> 208241601 bytes, 2.6x compression)
[2m2026-09-15T16:49:46.704340Z[0m [32m INFO[0m [2mkafka_backup_core::segment::writer[0m[2m:[0m Wrote segment device-telemetry-comparison/topics/device-telemetry/partition=2/segment-00000000000004654505.bin.zst with 258556 records (536871099 -> 208251043 bytes, 2.6x compression)
[2m2026-09-15T16:49:47.092711Z[0m [32m INFO[0m [2mkafka_backup_core::segment::writer[0m[2m:[0m Wrote segment device-telemetry-comparison/topics/device-telemetry/partition=1/segment-00000000000004654263.bin.zst with 258540 records (536871550 -> 208251003 bytes, 2.6x compression)
[2m2026-09-15T16:49:47.218726Z[0m [32m INFO[0m [2mkafka_backup_core::segment::writer[0m[2m:[0m Wrote segment device-telemetry-comparison/topics/device-telemetry/partition=5/segment-00000000000004654368.bin.zst with 258548 records (536872616 -> 208241359 bytes, 2.6x compression)
[2m2026-09-15T16:49:47.397604Z[0m [32m INFO[0m [2mkafka_backup_core::segment::writer[0m[2m:[0m Wrote segment device-telemetry-comparison/topics/device-telemetry/partition=4/segment-00000000000004654415.bin.zst with 258550 records (536871718 -> 208236597 bytes, 2.6x compression)
[2m2026-09-15T16:49:47.398157Z[0m [32m INFO[0m [2mkafka_backup_core::segment::writer[0m[2m:[0m Wrote segment device-telemetry-comparison/topics/device-telemetry/partition=3/segment-00000000000004654174.bin.zst with 258538 records (536871523 -> 208250482 bytes, 2.6x compression)
[2m2026-09-15T16:49:47.797364Z[0m [32m INFO[0m [2mkafka_backup_core::segment::writer[0m[2m:[0m Wrote segment device-telemetry-comparison/topics/device-telemetry/partition=0/segment-00000000000004912930.bin.zst with 258549 records (536872579 -> 208239081 bytes, 2.6x compression)
[2m2026-09-15T16:49:48.565838Z[0m [32m INFO[0m [2mkafka_backup_core::segment::writer[0m[2m:[0m Wrote segment device-telemetry-comparison/topics/device-telemetry/partition=2/segment-00000000000004913061.bin.zst with 258554 records (536871724 -> 208253549 bytes, 2.6x compression)
[2m2026-09-15T16:49:48.946302Z[0m [32m INFO[0m [2mkafka_backup_core::segment::writer[0m[2m:[0m Wrote segment device-telemetry-comparison/topics/device-telemetry/partition=1/segment-00000000000004912803.bin.zst with 258540 records (536872163 -> 208248357 bytes, 2.6x compression)
[2m2026-09-15T16:49:49.139265Z[0m [32m INFO[0m [2mkafka_backup_core::segment::writer[0m[2m:[0m Wrote segment device-telemetry-comparison/topics/device-telemetry/partition=5/segment-00000000000004912916.bin.zst with 258548 records (536872881 -> 208240701 bytes, 2.6x compression)
[2m2026-09-15T16:49:49.328908Z[0m [32m INFO[0m [2mkafka_backup_core::segment::writer[0m[2m:[0m Wrote segment device-telemetry-comparison/topics/device-telemetry/partition=3/segment-00000000000004912712.bin.zst with 258536 records (536871774 -> 208247744 bytes, 2.6x compression)
[2m2026-09-15T16:49:49.329568Z[0m [32m INFO[0m [2mkafka_backup_core::segment::writer[0m[2m:[0m Wrote segment device-telemetry-comparison/topics/device-telemetry/partition=4/segment-00000000000004912965.bin.zst with 258551 records (536871510 -> 208236748 bytes, 2.6x compression)
[2m2026-09-15T16:49:49.705993Z[0m [32m INFO[0m [2mkafka_backup_core::segment::writer[0m[2m:[0m Wrote segment device-telemetry-comparison/topics/device-telemetry/partition=0/segment-00000000000005171479.bin.zst with 258550 records (536871266 -> 208241600 bytes, 2.6x compression)
[2m2026-09-15T16:49:50.476399Z[0m [32m INFO[0m [2mkafka_backup_core::segment::writer[0m[2m:[0m Wrote segment device-telemetry-comparison/topics/device-telemetry/partition=2/segment-00000000000005171615.bin.zst with 258553 records (536872839 -> 208253787 bytes, 2.6x compression)
[2m2026-09-15T16:49:50.844045Z[0m [32m INFO[0m [2mkafka_backup_core::segment::writer[0m[2m:[0m Wrote segment device-telemetry-comparison/topics/device-telemetry/partition=1/segment-00000000000005171343.bin.zst with 258542 records (536871340 -> 208247104 bytes, 2.6x compression)
[2m2026-09-15T16:49:51.050595Z[0m [32m INFO[0m [2mkafka_backup_core::segment::writer[0m[2m:[0m Wrote segment device-telemetry-comparison/topics/device-telemetry/partition=5/segment-00000000000005171464.bin.zst with 258546 records (536872262 -> 208242993 bytes, 2.6x compression)
[2m2026-09-15T16:49:51.287560Z[0m [32m INFO[0m [2mkafka_backup_core::segment::writer[0m[2m:[0m Wrote segment device-telemetry-comparison/topics/device-telemetry/partition=3/segment-00000000000005171248.bin.zst with 258538 records (536871473 -> 208245916 bytes, 2.6x compression)
[2m2026-09-15T16:49:51.287937Z[0m [32m INFO[0m [2mkafka_backup_core::segment::writer[0m[2m:[0m Wrote segment device-telemetry-comparison/topics/device-telemetry/partition=4/segment-00000000000005171516.bin.zst with 258549 records (536872312 -> 208236030 bytes, 2.6x compression)
[2m2026-09-15T16:49:51.626636Z[0m [32m INFO[0m [2mkafka_backup_core::segment::writer[0m[2m:[0m Wrote segment device-telemetry-comparison/topics/device-telemetry/partition=0/segment-00000000000005430029.bin.zst with 258549 records (536872967 -> 208243607 bytes, 2.6x compression)
[2m2026-09-15T16:49:52.408121Z[0m [32m INFO[0m [2mkafka_backup_core::segment::writer[0m[2m:[0m Wrote segment device-telemetry-comparison/topics/device-telemetry/partition=2/segment-00000000000005430168.bin.zst with 258552 records (536871828 -> 208255661 bytes, 2.6x compression)
[2m2026-09-15T16:49:52.760083Z[0m [32m INFO[0m [2mkafka_backup_core::segment::writer[0m[2m:[0m Wrote segment device-telemetry-comparison/topics/device-telemetry/partition=1/segment-00000000000005429885.bin.zst with 258543 records (536871053 -> 208244821 bytes, 2.6x compression)
[2m2026-09-15T16:49:52.861483Z[0m [32m INFO[0m [2mkafka_backup_core::segment::writer[0m[2m:[0m Wrote segment device-telemetry-comparison/topics/device-telemetry/partition=5/segment-00000000000005430010.bin.zst with 258546 records (536871429 -> 208236564 bytes, 2.6x compression)
[2m2026-09-15T16:49:53.244023Z[0m [32m INFO[0m [2mkafka_backup_core::segment::writer[0m[2m:[0m Wrote segment device-telemetry-comparison/topics/device-telemetry/partition=4/segment-00000000000005430065.bin.zst with 258550 records (536872090 -> 208239503 bytes, 2.6x compression)
[2m2026-09-15T16:49:53.244541Z[0m [32m INFO[0m [2mkafka_backup_core::segment::writer[0m[2m:[0m Wrote segment device-telemetry-comparison/topics/device-telemetry/partition=3/segment-00000000000005429786.bin.zst with 258537 records (536872888 -> 208243547 bytes, 2.6x compression)
[2m2026-09-15T16:49:53.551209Z[0m [32m INFO[0m [2mkafka_backup_core::segment::writer[0m[2m:[0m Wrote segment device-telemetry-comparison/topics/device-telemetry/partition=0/segment-00000000000005688578.bin.zst with 258548 records (536872758 -> 208250446 bytes, 2.6x compression)
[2m2026-09-15T16:49:54.312464Z[0m [32m INFO[0m [2mkafka_backup_core::segment::writer[0m[2m:[0m Wrote segment device-telemetry-comparison/topics/device-telemetry/partition=2/segment-00000000000005688720.bin.zst with 258554 records (536871380 -> 208249577 bytes, 2.6x compression)
[2m2026-09-15T16:49:54.671176Z[0m [32m INFO[0m [2mkafka_backup_core::segment::writer[0m[2m:[0m Wrote segment device-telemetry-comparison/topics/device-telemetry/partition=1/segment-00000000000005688428.bin.zst with 258543 records (536871963 -> 208246901 bytes, 2.6x compression)
[2m2026-09-15T16:49:54.711683Z[0m [32m INFO[0m [2mkafka_backup_core::segment::writer[0m[2m:[0m Wrote segment device-telemetry-comparison/topics/device-telemetry/partition=5/segment-00000000000005688556.bin.zst with 258547 records (536871951 -> 208239882 bytes, 2.6x compression)
[2m2026-09-15T16:49:55.200026Z[0m [32m INFO[0m [2mkafka_backup_core::segment::writer[0m[2m:[0m Wrote segment device-telemetry-comparison/topics/device-telemetry/partition=3/segment-00000000000005688323.bin.zst with 258537 records (536871130 -> 208248609 bytes, 2.6x compression)
[2m2026-09-15T16:49:55.208208Z[0m [32m INFO[0m [2mkafka_backup_core::segment::writer[0m[2m:[0m Wrote segment device-telemetry-comparison/topics/device-telemetry/partition=4/segment-00000000000005688615.bin.zst with 258550 records (536871417 -> 208238758 bytes, 2.6x compression)
[2m2026-09-15T16:49:55.491247Z[0m [32m INFO[0m [2mkafka_backup_core::segment::writer[0m[2m:[0m Wrote segment device-telemetry-comparison/topics/device-telemetry/partition=0/segment-00000000000005947126.bin.zst with 258547 records (536871410 -> 208240049 bytes, 2.6x compression)
[2m2026-09-15T16:49:56.294386Z[0m [32m INFO[0m [2mkafka_backup_core::segment::writer[0m[2m:[0m Wrote segment device-telemetry-comparison/topics/device-telemetry/partition=2/segment-00000000000005947274.bin.zst with 258556 records (536871834 -> 208250577 bytes, 2.6x compression)
[2m2026-09-15T16:49:56.667854Z[0m [32m INFO[0m [2mkafka_backup_core::segment::writer[0m[2m:[0m Wrote segment device-telemetry-comparison/topics/device-telemetry/partition=1/segment-00000000000005946971.bin.zst with 258542 records (536872957 -> 208249115 bytes, 2.6x compression)
[2m2026-09-15T16:49:56.668256Z[0m [32m INFO[0m [2mkafka_backup_core::segment::writer[0m[2m:[0m Wrote segment device-telemetry-comparison/topics/device-telemetry/partition=5/segment-00000000000005947103.bin.zst with 258547 records (536871311 -> 208236581 bytes, 2.6x compression)
[2m2026-09-15T16:49:57.278770Z[0m [32m INFO[0m [2mkafka_backup_core::segment::writer[0m[2m:[0m Wrote segment device-telemetry-comparison/topics/device-telemetry/partition=4/segment-00000000000005947165.bin.zst with 258550 records (536872351 -> 208236392 bytes, 2.6x compression)
[2m2026-09-15T16:49:57.279109Z[0m [32m INFO[0m [2mkafka_backup_core::segment::writer[0m[2m:[0m Wrote segment device-telemetry-comparison/topics/device-telemetry/partition=3/segment-00000000000005946860.bin.zst with 258539 records (536872401 -> 208248005 bytes, 2.6x compression)
[2m2026-09-15T16:49:57.445245Z[0m [32m INFO[0m [2mkafka_backup_core::segment::writer[0m[2m:[0m Wrote segment device-telemetry-comparison/topics/device-telemetry/partition=0/segment-00000000000006205673.bin.zst with 257681 records (536871484 -> 207912881 bytes, 2.6x compression)
[2m2026-09-15T16:49:58.201526Z[0m [32m INFO[0m [2mkafka_backup_core::segment::writer[0m[2m:[0m Wrote segment device-telemetry-comparison/topics/device-telemetry/partition=2/segment-00000000000006205830.bin.zst with 257687 records (536871289 -> 207921527 bytes, 2.6x compression)
[2m2026-09-15T16:49:58.694644Z[0m [32m INFO[0m [2mkafka_backup_core::segment::writer[0m[2m:[0m Wrote segment device-telemetry-comparison/topics/device-telemetry/partition=5/segment-00000000000006205650.bin.zst with 257681 records (536872352 -> 207907052 bytes, 2.6x compression)
[2m2026-09-15T16:49:58.703898Z[0m [32m INFO[0m [2mkafka_backup_core::segment::writer[0m[2m:[0m Wrote segment device-telemetry-comparison/topics/device-telemetry/partition=1/segment-00000000000006205513.bin.zst with 257679 records (536872979 -> 207906671 bytes, 2.6x compression)
[2m2026-09-15T16:49:59.375484Z[0m [32m INFO[0m [2mkafka_backup_core::segment::writer[0m[2m:[0m Wrote segment device-telemetry-comparison/topics/device-telemetry/partition=4/segment-00000000000006205715.bin.zst with 257685 records (536871921 -> 207906497 bytes, 2.6x compression)
[2m2026-09-15T16:49:59.514600Z[0m [32m INFO[0m [2mkafka_backup_core::segment::writer[0m[2m:[0m Wrote segment device-telemetry-comparison/topics/device-telemetry/partition=0/segment-00000000000006463354.bin.zst with 257433 records (536871476 -> 207808696 bytes, 2.6x compression)
[2m2026-09-15T16:49:59.576874Z[0m [32m INFO[0m [2mkafka_backup_core::segment::writer[0m[2m:[0m Wrote segment device-telemetry-comparison/topics/device-telemetry/partition=3/segment-00000000000006205399.bin.zst with 257673 records (536872177 -> 207912467 bytes, 2.6x compression)
[2m2026-09-15T16:50:00.238597Z[0m [32m INFO[0m [2mkafka_backup_core::segment::writer[0m[2m:[0m Wrote segment device-telemetry-comparison/topics/device-telemetry/partition=2/segment-00000000000006463517.bin.zst with 257440 records (536871550 -> 207815773 bytes, 2.6x compression)
[2m2026-09-15T16:50:00.756799Z[0m [32m INFO[0m [2mkafka_backup_core::segment::writer[0m[2m:[0m Wrote segment device-telemetry-comparison/topics/device-telemetry/partition=5/segment-00000000000006463331.bin.zst with 257433 records (536871749 -> 207809387 bytes, 2.6x compression)
[2m2026-09-15T16:50:00.764826Z[0m [32m INFO[0m [2mkafka_backup_core::segment::writer[0m[2m:[0m Wrote segment device-telemetry-comparison/topics/device-telemetry/partition=1/segment-00000000000006463192.bin.zst with 257425 records (536871874 -> 207818599 bytes, 2.6x compression)
[2m2026-09-15T16:50:01.417301Z[0m [32m INFO[0m [2mkafka_backup_core::segment::writer[0m[2m:[0m Wrote segment device-telemetry-comparison/topics/device-telemetry/partition=4/segment-00000000000006463400.bin.zst with 257433 records (536872153 -> 207815826 bytes, 2.6x compression)
[2m2026-09-15T16:50:01.577308Z[0m [32m INFO[0m [2mkafka_backup_core::segment::writer[0m[2m:[0m Wrote segment device-telemetry-comparison/topics/device-telemetry/partition=0/segment-00000000000006720787.bin.zst with 257431 records (536871159 -> 207815515 bytes, 2.6x compression)
[2m2026-09-15T16:50:01.681488Z[0m [32m INFO[0m [2mkafka_backup_core::segment::writer[0m[2m:[0m Wrote segment device-telemetry-comparison/topics/device-telemetry/partition=3/segment-00000000000006463072.bin.zst with 257422 records (536872699 -> 207821257 bytes, 2.6x compression)
[2m2026-09-15T16:50:02.343987Z[0m [32m INFO[0m [2mkafka_backup_core::segment::writer[0m[2m:[0m Wrote segment device-telemetry-comparison/topics/device-telemetry/partition=2/segment-00000000000006720957.bin.zst with 257438 records (536872975 -> 207828263 bytes, 2.6x compression)
[2m2026-09-15T16:50:02.943916Z[0m [32m INFO[0m [2mkafka_backup_core::segment::writer[0m[2m:[0m Wrote segment device-telemetry-comparison/topics/device-telemetry/partition=1/segment-00000000000006720617.bin.zst with 257426 records (536872333 -> 207821295 bytes, 2.6x compression)
[2m2026-09-15T16:50:02.943911Z[0m [32m INFO[0m [2mkafka_backup_core::segment::writer[0m[2m:[0m Wrote segment device-telemetry-comparison/topics/device-telemetry/partition=5/segment-00000000000006720764.bin.zst with 257432 records (536871504 -> 207812998 bytes, 2.6x compression)
[2m2026-09-15T16:50:03.776648Z[0m [32m INFO[0m [2mkafka_backup_core::segment::writer[0m[2m:[0m Wrote segment device-telemetry-comparison/topics/device-telemetry/partition=4/segment-00000000000006720833.bin.zst with 257433 records (536871795 -> 207811323 bytes, 2.6x compression)
[2m2026-09-15T16:50:03.904795Z[0m [32m INFO[0m [2mkafka_backup_core::segment::writer[0m[2m:[0m Wrote segment device-telemetry-comparison/topics/device-telemetry/partition=0/segment-00000000000006978218.bin.zst with 257434 records (536872293 -> 207809328 bytes, 2.6x compression)
[2m2026-09-15T16:50:03.969150Z[0m [32m INFO[0m [2mkafka_backup_core::segment::writer[0m[2m:[0m Wrote segment device-telemetry-comparison/topics/device-telemetry/partition=3/segment-00000000000006720494.bin.zst with 257422 records (536872865 -> 207816172 bytes, 2.6x compression)
[2m2026-09-15T16:50:04.504375Z[0m [32m INFO[0m [2mkafka_backup_core::segment::writer[0m[2m:[0m Wrote segment device-telemetry-comparison/topics/device-telemetry/partition=2/segment-00000000000006978395.bin.zst with 257439 records (536871797 -> 207824985 bytes, 2.6x compression)
[2m2026-09-15T16:50:05.090248Z[0m [32m INFO[0m [2mkafka_backup_core::segment::writer[0m[2m:[0m Wrote segment device-telemetry-comparison/topics/device-telemetry/partition=1/segment-00000000000006978043.bin.zst with 257427 records (536872605 -> 207818804 bytes, 2.6x compression)
[2m2026-09-15T16:50:05.095845Z[0m [32m INFO[0m [2mkafka_backup_core::segment::writer[0m[2m:[0m Wrote segment device-telemetry-comparison/topics/device-telemetry/partition=5/segment-00000000000006978196.bin.zst with 257432 records (536872719 -> 207811536 bytes, 2.6x compression)
[2m2026-09-15T16:50:06.167428Z[0m [32m INFO[0m [2mkafka_backup_core::segment::writer[0m[2m:[0m Wrote segment device-telemetry-comparison/topics/device-telemetry/partition=4/segment-00000000000006978266.bin.zst with 257434 records (536872935 -> 207817756 bytes, 2.6x compression)
[2m2026-09-15T16:50:06.256911Z[0m [32m INFO[0m [2mkafka_backup_core::segment::writer[0m[2m:[0m Wrote segment device-telemetry-comparison/topics/device-telemetry/partition=3/segment-00000000000006977916.bin.zst with 257419 records (536872171 -> 207824381 bytes, 2.6x compression)
[2m2026-09-15T16:50:06.546461Z[0m [32m INFO[0m [2mkafka_backup_core::segment::writer[0m[2m:[0m Wrote segment device-telemetry-comparison/topics/device-telemetry/partition=0/segment-00000000000007235652.bin.zst with 257433 records (536872215 -> 207812116 bytes, 2.6x compression)
[2m2026-09-15T16:50:06.804137Z[0m [32m INFO[0m [2mkafka_backup_core::segment::writer[0m[2m:[0m Wrote segment device-telemetry-comparison/topics/device-telemetry/partition=2/segment-00000000000007235834.bin.zst with 257437 records (536871428 -> 207827784 bytes, 2.6x compression)
[2m2026-09-15T16:50:07.366720Z[0m [32m INFO[0m [2mkafka_backup_core::segment::writer[0m[2m:[0m Wrote segment device-telemetry-comparison/topics/device-telemetry/partition=5/segment-00000000000007235628.bin.zst with 257433 records (536870966 -> 207810467 bytes, 2.6x compression)
[2m2026-09-15T16:50:07.382820Z[0m [32m INFO[0m [2mkafka_backup_core::segment::writer[0m[2m:[0m Wrote segment device-telemetry-comparison/topics/device-telemetry/partition=1/segment-00000000000007235470.bin.zst with 257429 records (536872036 -> 207811659 bytes, 2.6x compression)
[2m2026-09-15T16:50:08.158703Z[0m [32m INFO[0m [2mkafka_backup_core::segment::writer[0m[2m:[0m Wrote segment device-telemetry-comparison/topics/device-telemetry/partition=4/segment-00000000000007235700.bin.zst with 257437 records (536872447 -> 207812065 bytes, 2.6x compression)
[2m2026-09-15T16:50:08.214034Z[0m [32m INFO[0m [2mkafka_backup_core::segment::writer[0m[2m:[0m Wrote segment device-telemetry-comparison/topics/device-telemetry/partition=3/segment-00000000000007235335.bin.zst with 257423 records (536871557 -> 207820139 bytes, 2.6x compression)
[2m2026-09-15T16:50:08.618972Z[0m [32m INFO[0m [2mkafka_backup_core::segment::writer[0m[2m:[0m Wrote segment device-telemetry-comparison/topics/device-telemetry/partition=0/segment-00000000000007493085.bin.zst with 257431 records (536872767 -> 207814946 bytes, 2.6x compression)
[2m2026-09-15T16:50:08.782959Z[0m [32m INFO[0m [2mkafka_backup_core::segment::writer[0m[2m:[0m Wrote segment device-telemetry-comparison/topics/device-telemetry/partition=2/segment-00000000000007493271.bin.zst with 257438 records (536872017 -> 207826917 bytes, 2.6x compression)
[2m2026-09-15T16:50:09.104269Z[0m [32m INFO[0m [2mkafka_backup_core::offset_store::sqlite[0m[2m:[0m Synced offset database to storage: device-telemetry-comparison/offsets.db
[2m2026-09-15T16:50:09.429222Z[0m [32m INFO[0m [2mkafka_backup_core::segment::writer[0m[2m:[0m Wrote segment device-telemetry-comparison/topics/device-telemetry/partition=5/segment-00000000000007493061.bin.zst with 257430 records (536870987 -> 207813701 bytes, 2.6x compression)
[2m2026-09-15T16:50:09.431416Z[0m [32m INFO[0m [2mkafka_backup_core::segment::writer[0m[2m:[0m Wrote segment device-telemetry-comparison/topics/device-telemetry/partition=1/segment-00000000000007492899.bin.zst with 257426 records (536872969 -> 207819577 bytes, 2.6x compression)
[2m2026-09-15T16:50:10.117184Z[0m [32m INFO[0m [2mkafka_backup_core::segment::writer[0m[2m:[0m Wrote segment device-telemetry-comparison/topics/device-telemetry/partition=4/segment-00000000000007493137.bin.zst with 257434 records (536871579 -> 207806870 bytes, 2.6x compression)
[2m2026-09-15T16:50:10.243430Z[0m [32m INFO[0m [2mkafka_backup_core::segment::writer[0m[2m:[0m Wrote segment device-telemetry-comparison/topics/device-telemetry/partition=3/segment-00000000000007492758.bin.zst with 257421 records (536871525 -> 207815480 bytes, 2.6x compression)
[2m2026-09-15T16:50:10.720824Z[0m [32m INFO[0m [2mkafka_backup_core::segment::writer[0m[2m:[0m Wrote segment device-telemetry-comparison/topics/device-telemetry/partition=2/segment-00000000000007750709.bin.zst with 257439 records (536872354 -> 207824948 bytes, 2.6x compression)
[2m2026-09-15T16:50:10.775551Z[0m [32m INFO[0m [2mkafka_backup_core::segment::writer[0m[2m:[0m Wrote segment device-telemetry-comparison/topics/device-telemetry/partition=0/segment-00000000000007750516.bin.zst with 257431 records (536870981 -> 207814633 bytes, 2.6x compression)
[2m2026-09-15T16:50:11.419509Z[0m [32m INFO[0m [2mkafka_backup_core::segment::writer[0m[2m:[0m Wrote segment device-telemetry-comparison/topics/device-telemetry/partition=5/segment-00000000000007750491.bin.zst with 257433 records (536872566 -> 207810405 bytes, 2.6x compression)
[2m2026-09-15T16:50:11.420087Z[0m [32m INFO[0m [2mkafka_backup_core::segment::writer[0m[2m:[0m Wrote segment device-telemetry-comparison/topics/device-telemetry/partition=1/segment-00000000000007750325.bin.zst with 257428 records (536872494 -> 207813673 bytes, 2.6x compression)
[2m2026-09-15T16:50:12.046759Z[0m [32m INFO[0m [2mkafka_backup_core::segment::writer[0m[2m:[0m Wrote segment device-telemetry-comparison/topics/device-telemetry/partition=4/segment-00000000000007750571.bin.zst with 257434 records (536871025 -> 207812463 bytes, 2.6x compression)
[2m2026-09-15T16:50:12.185861Z[0m [32m INFO[0m [2mkafka_backup_core::segment::writer[0m[2m:[0m Wrote segment device-telemetry-comparison/topics/device-telemetry/partition=3/segment-00000000000007750179.bin.zst with 257421 records (536871543 -> 207822740 bytes, 2.6x compression)
[2m2026-09-15T16:50:12.718905Z[0m [32m INFO[0m [2mkafka_backup_core::segment::writer[0m[2m:[0m Wrote segment device-telemetry-comparison/topics/device-telemetry/partition=0/segment-00000000000008007947.bin.zst with 257432 records (536871346 -> 207812533 bytes, 2.6x compression)
[2m2026-09-15T16:50:12.754818Z[0m [32m INFO[0m [2mkafka_backup_core::segment::writer[0m[2m:[0m Wrote segment device-telemetry-comparison/topics/device-telemetry/partition=2/segment-00000000000008008148.bin.zst with 257439 records (536872676 -> 207824334 bytes, 2.6x compression)
[2m2026-09-15T16:50:13.381868Z[0m [32m INFO[0m [2mkafka_backup_core::segment::writer[0m[2m:[0m Wrote segment device-telemetry-comparison/topics/device-telemetry/partition=1/segment-00000000000008007753.bin.zst with 257426 records (536871058 -> 207821638 bytes, 2.6x compression)
[2m2026-09-15T16:50:13.382393Z[0m [32m INFO[0m [2mkafka_backup_core::segment::writer[0m[2m:[0m Wrote segment device-telemetry-comparison/topics/device-telemetry/partition=5/segment-00000000000008007924.bin.zst with 257431 records (536872543 -> 207805259 bytes, 2.6x compression)
[2m2026-09-15T16:50:14.002090Z[0m [32m INFO[0m [2mkafka_backup_core::segment::writer[0m[2m:[0m Wrote segment device-telemetry-comparison/topics/device-telemetry/partition=4/segment-00000000000008008005.bin.zst with 257436 records (536872652 -> 207809160 bytes, 2.6x compression)
[2m2026-09-15T16:50:14.134445Z[0m [32m INFO[0m [2mkafka_backup_core::segment::writer[0m[2m:[0m Wrote segment device-telemetry-comparison/topics/device-telemetry/partition=3/segment-00000000000008007600.bin.zst with 257421 records (536870968 -> 207824822 bytes, 2.6x compression)
[2m2026-09-15T16:50:14.648802Z[0m [32m INFO[0m [2mkafka_backup_core::segment::writer[0m[2m:[0m Wrote segment device-telemetry-comparison/topics/device-telemetry/partition=0/segment-00000000000008265379.bin.zst with 257435 records (536872854 -> 207818316 bytes, 2.6x compression)
[2m2026-09-15T16:50:14.877497Z[0m [32m INFO[0m [2mkafka_backup_core::segment::writer[0m[2m:[0m Wrote segment device-telemetry-comparison/topics/device-telemetry/partition=2/segment-00000000000008265587.bin.zst with 257440 records (536872160 -> 207823750 bytes, 2.6x compression)
[2m2026-09-15T16:50:15.311239Z[0m [32m INFO[0m [2mkafka_backup_core::segment::writer[0m[2m:[0m Wrote segment device-telemetry-comparison/topics/device-telemetry/partition=1/segment-00000000000008265179.bin.zst with 257428 records (536871865 -> 207818939 bytes, 2.6x compression)
[2m2026-09-15T16:50:15.314577Z[0m [32m INFO[0m [2mkafka_backup_core::segment::writer[0m[2m:[0m Wrote segment device-telemetry-comparison/topics/device-telemetry/partition=5/segment-00000000000008265355.bin.zst with 257432 records (536872260 -> 207814225 bytes, 2.6x compression)
[2m2026-09-15T16:50:15.904587Z[0m [32m INFO[0m [2mkafka_backup_core::segment::writer[0m[2m:[0m Wrote segment device-telemetry-comparison/topics/device-telemetry/partition=4/segment-00000000000008265441.bin.zst with 257434 records (536871292 -> 207811659 bytes, 2.6x compression)
[2m2026-09-15T16:50:16.030802Z[0m [32m INFO[0m [2mkafka_backup_core::segment::writer[0m[2m:[0m Wrote segment device-telemetry-comparison/topics/device-telemetry/partition=3/segment-00000000000008265021.bin.zst with 257423 records (536871756 -> 207819154 bytes, 2.6x compression)
[2m2026-09-15T16:50:16.577328Z[0m [32m INFO[0m [2mkafka_backup_core::segment::writer[0m[2m:[0m Wrote segment device-telemetry-comparison/topics/device-telemetry/partition=0/segment-00000000000008522814.bin.zst with 257432 records (536872267 -> 207812799 bytes, 2.6x compression)
[2m2026-09-15T16:50:16.846957Z[0m [32m INFO[0m [2mkafka_backup_core::segment::writer[0m[2m:[0m Wrote segment device-telemetry-comparison/topics/device-telemetry/partition=2/segment-00000000000008523027.bin.zst with 257441 records (536872039 -> 207819000 bytes, 2.6x compression)
[2m2026-09-15T16:50:17.254471Z[0m [32m INFO[0m [2mkafka_backup_core::segment::writer[0m[2m:[0m Wrote segment device-telemetry-comparison/topics/device-telemetry/partition=5/segment-00000000000008522787.bin.zst with 257433 records (536871436 -> 207805429 bytes, 2.6x compression)
[2m2026-09-15T16:50:17.256125Z[0m [32m INFO[0m [2mkafka_backup_core::segment::writer[0m[2m:[0m Wrote segment device-telemetry-comparison/topics/device-telemetry/partition=1/segment-00000000000008522607.bin.zst with 257429 records (536872811 -> 207815436 bytes, 2.6x compression)
[2m2026-09-15T16:50:17.849577Z[0m [32m INFO[0m [2mkafka_backup_core::segment::writer[0m[2m:[0m Wrote segment device-telemetry-comparison/topics/device-telemetry/partition=4/segment-00000000000008522875.bin.zst with 257432 records (536871375 -> 207814288 bytes, 2.6x compression)
[2m2026-09-15T16:50:17.850484Z[0m [32m INFO[0m [2mkafka_backup_core::segment::writer[0m[2m:[0m Wrote segment device-telemetry-comparison/topics/device-telemetry/partition=0/segment-00000000000008780246.bin.zst with 167603 records (349536242 -> 135304608 bytes, 2.6x compression)
[2m2026-09-15T16:50:17.850900Z[0m [32m INFO[0m [2mkafka_backup_core::backup::engine[0m[2m:[0m Completed snapshot backup of device-telemetry:0 - 35 segments (reached target offset 8947849)
[2m2026-09-15T16:50:17.950803Z[0m [32m INFO[0m [2mkafka_backup_core::segment::writer[0m[2m:[0m Wrote segment device-telemetry-comparison/topics/device-telemetry/partition=3/segment-00000000000008522444.bin.zst with 257422 records (536871257 -> 207818451 bytes, 2.6x compression)
[2m2026-09-15T16:50:18.077120Z[0m [32m INFO[0m [2mkafka_backup_core::segment::writer[0m[2m:[0m Wrote segment device-telemetry-comparison/topics/device-telemetry/partition=2/segment-00000000000008780468.bin.zst with 167381 records (349066827 -> 135130898 bytes, 2.6x compression)
[2m2026-09-15T16:50:18.077488Z[0m [32m INFO[0m [2mkafka_backup_core::backup::engine[0m[2m:[0m Completed snapshot backup of device-telemetry:2 - 35 segments (reached target offset 8947849)
[2m2026-09-15T16:50:18.503212Z[0m [32m INFO[0m [2mkafka_backup_core::segment::writer[0m[2m:[0m Wrote segment device-telemetry-comparison/topics/device-telemetry/partition=5/segment-00000000000008780220.bin.zst with 167628 records (349586480 -> 135319128 bytes, 2.6x compression)
[2m2026-09-15T16:50:18.503581Z[0m [32m INFO[0m [2mkafka_backup_core::backup::engine[0m[2m:[0m Completed snapshot backup of device-telemetry:5 - 35 segments (reached target offset 8947848)
[2m2026-09-15T16:50:18.503916Z[0m [32m INFO[0m [2mkafka_backup_core::segment::writer[0m[2m:[0m Wrote segment device-telemetry-comparison/topics/device-telemetry/partition=1/segment-00000000000008780036.bin.zst with 167813 records (349977157 -> 135476974 bytes, 2.6x compression)
[2m2026-09-15T16:50:18.504511Z[0m [32m INFO[0m [2mkafka_backup_core::backup::engine[0m[2m:[0m Completed snapshot backup of device-telemetry:1 - 35 segments (reached target offset 8947849)
[2m2026-09-15T16:50:19.076825Z[0m [32m INFO[0m [2mkafka_backup_core::segment::writer[0m[2m:[0m Wrote segment device-telemetry-comparison/topics/device-telemetry/partition=4/segment-00000000000008780307.bin.zst with 167541 records (349402487 -> 135248396 bytes, 2.6x compression)
[2m2026-09-15T16:50:19.077167Z[0m [32m INFO[0m [2mkafka_backup_core::backup::engine[0m[2m:[0m Completed snapshot backup of device-telemetry:4 - 35 segments (reached target offset 8947848)
[2m2026-09-15T16:50:19.188194Z[0m [32m INFO[0m [2mkafka_backup_core::segment::writer[0m[2m:[0m Wrote segment device-telemetry-comparison/topics/device-telemetry/partition=3/segment-00000000000008779866.bin.zst with 167982 records (350340765 -> 135616110 bytes, 2.6x compression)
[2m2026-09-15T16:50:19.188514Z[0m [32m INFO[0m [2mkafka_backup_core::backup::engine[0m[2m:[0m Completed snapshot backup of device-telemetry:3 - 35 segments (reached target offset 8947848)
[2m2026-09-15T16:50:19.197337Z[0m [32m INFO[0m [2mkafka_backup_core::offset_store::sqlite[0m[2m:[0m Synced offset database to storage: device-telemetry-comparison/offsets.db
[2m2026-09-15T16:50:19.220251Z[0m [32m INFO[0m [2mkafka_backup_core::backup::engine[0m[2m:[0m Consumer groups snapshot saved (1 groups) to device-telemetry-comparison/consumer-groups-snapshot.json
[2m2026-09-15T16:50:19.224897Z[0m [32m INFO[0m [2mkafka_backup_core::offset_store::sqlite[0m[2m:[0m Synced offset database to storage: device-telemetry-comparison/offsets.db
[2m2026-09-15T16:50:19.229361Z[0m [32m INFO[0m [2mkafka_backup_core::backup::engine[0m[2m:[0m === Performance Metrics ===
Duration: 70.53s
Records processed: 53687091
Records/sec: 761199
Bytes written: 41260 MB
Throughput: 585.01 MB/s
Compression ratio: 2.58x
Segments written: 210
Errors: 0

Checkpoint latency (ms):
  avg=7.16 p50=7.16 p95=7.16 p99=7.16 max=7.16
Segment write latency (ms):
  avg=1960.03 p50=1945.81 p95=2243.37 p99=2377.03 max=2526.00

[2m2026-09-15T16:50:19.229446Z[0m [32m INFO[0m [2mkafka_backup_core::backup::engine[0m[2m:[0m Snapshot backup completed successfully - all partitions reached their target offsets
[2m2026-09-15T16:50:19.229512Z[0m [32m INFO[0m [2mkafka_backup_core::metrics::server[0m[2m:[0m Metrics server shutting down
[2m2026-09-15T16:50:19.229634Z[0m [32m INFO[0m [2mkafka_backup::commands::backup[0m[2m:[0m Backup completed successfully
