 Container offload-kafka-backup-run-954e8f7bee3f Creating 
 Container offload-kafka-backup-run-954e8f7bee3f Created 
[2m2026-09-16T05:25:39.507664Z[0m [32m INFO[0m [2mkafka_backup::commands::restore[0m[2m:[0m Loading configuration from: /evidence/100g-20260916T051309Z/configs/restore-audit.yaml
[2m2026-09-16T05:25:39.509198Z[0m [32m INFO[0m [2mkafka_backup::commands::restore[0m[2m:[0m Starting restore from backup: device-telemetry
[2m2026-09-16T05:25:39.509401Z[0m [32m INFO[0m [2mkafka_backup_core::metrics::server[0m[2m:[0m Metrics server listening on http://0.0.0.0:8080
[2m2026-09-16T05:25:39.537361Z[0m [32m INFO[0m [2mkafka_backup_core::storage::s3[0m[2m:[0m Created S3 backend for bucket: kafka-backups-sealed, prefix: Some("backups")
[2m2026-09-16T05:25:39.537391Z[0m [32m INFO[0m [2mkafka_backup_core::circuit_breaker[0m[2m:[0m Created circuit breaker: kafka
[2m2026-09-16T05:25:39.537397Z[0m [32m INFO[0m [2mkafka_backup_core::circuit_breaker[0m[2m:[0m Created circuit breaker: storage
[2m2026-09-16T05:25:39.537463Z[0m [32m INFO[0m [2mkafka_backup_core::restore::engine[0m[2m:[0m Loading backup manifest for: device-telemetry
[2m2026-09-16T05:25:39.541302Z[0m [32m INFO[0m [2mkafka_backup_core::restore::engine[0m[2m:[0m Loaded manifest: 1 topics, 53687091 total records
[2m2026-09-16T05:25:39.541365Z[0m [32m INFO[0m [2mkafka_backup_core::restore::engine[0m[2m:[0m Connecting to target Kafka cluster via partition leader router...
[2m2026-09-16T05:25:39.543576Z[0m [32m INFO[0m [2mkafka_backup_core::kafka::partition_router[0m[2m:[0m Refreshed metadata: 1 brokers, 57 partition leaders
[2m2026-09-16T05:25:39.543592Z[0m [32m INFO[0m [2mkafka_backup_core::restore::engine[0m[2m:[0m Connected to target Kafka cluster via partition leader router
[2m2026-09-16T05:25:39.544107Z[0m [32m INFO[0m [2mkafka_backup_core::restore::engine[0m[2m:[0m Creating 1 missing topics: ["device-telemetry-audit"]
[2m2026-09-16T05:25:39.573744Z[0m [32m INFO[0m [2mkafka_backup_core::kafka::admin[0m[2m:[0m Created topic: device-telemetry-audit
[2m2026-09-16T05:25:39.573795Z[0m [32m INFO[0m [2mkafka_backup_core::restore::engine[0m[2m:[0m Created topic 'device-telemetry-audit' successfully
[2m2026-09-16T05:25:39.575332Z[0m [32m INFO[0m [2mkafka_backup_core::kafka::partition_router[0m[2m:[0m Refreshed metadata: 1 brokers, 63 partition leaders
[2m2026-09-16T05:25:39.575352Z[0m [32m INFO[0m [2mkafka_backup_core::restore::engine[0m[2m:[0m Refreshed metadata after topic creation
[2m2026-09-16T05:25:39.605909Z[0m [32m INFO[0m [2mkafka_backup_core::restore::engine[0m[2m:[0m Restoring 1 topics
[2m2026-09-16T05:25:39.605964Z[0m [32m INFO[0m [2mkafka_backup_core::restore::engine[0m[2m:[0m Restoring topic device-telemetry -> device-telemetry-audit (6 partitions)
[2m2026-09-16T05:26:10.118733Z[0m [32m INFO[0m [2mkafka_backup_core::restore::engine[0m[2m:[0m Restored device-telemetry:0 -> device-telemetry-audit:0 (882484 records, 15 segments)
[2m2026-09-16T05:26:10.585603Z[0m [32m INFO[0m [2mkafka_backup_core::restore::engine[0m[2m:[0m Restored device-telemetry:2 -> device-telemetry-audit:2 (882494 records, 15 segments)
[2m2026-09-16T05:26:10.959344Z[0m [32m INFO[0m [2mkafka_backup_core::restore::engine[0m[2m:[0m Restored device-telemetry:5 -> device-telemetry-audit:5 (882459 records, 15 segments)
[2m2026-09-16T05:26:11.040924Z[0m [32m INFO[0m [2mkafka_backup_core::restore::engine[0m[2m:[0m Restored device-telemetry:1 -> device-telemetry-audit:1 (882475 records, 15 segments)
[2m2026-09-16T05:26:11.206393Z[0m [32m INFO[0m [2mkafka_backup_core::restore::engine[0m[2m:[0m Restored device-telemetry:3 -> device-telemetry-audit:3 (882477 records, 15 segments)
[2m2026-09-16T05:26:11.318473Z[0m [32m INFO[0m [2mkafka_backup_core::restore::engine[0m[2m:[0m Restored device-telemetry:4 -> device-telemetry-audit:4 (882444 records, 15 segments)
[2m2026-09-16T05:26:11.325778Z[0m [32m INFO[0m [2mkafka_backup_core::restore::engine[0m[2m:[0m Restore completed successfully
[2m2026-09-16T05:26:11.325852Z[0m [32m INFO[0m [2mkafka_backup_core::restore::engine[0m[2m:[0m === Performance Metrics ===
Duration: 31.79s
Records processed: 5294833
Records/sec: 166567
Bytes written: 0 MB
Throughput: 0.00 MB/s
Compression ratio: 1.00x
Segments written: 0
Errors: 0

Checkpoint latency (ms):
  avg=0.00 p50=0.00 p95=0.00 p99=0.00 max=0.00
Segment write latency (ms):
  avg=0.00 p50=0.00 p95=0.00 p99=0.00 max=0.00

[2m2026-09-16T05:26:11.325929Z[0m [32m INFO[0m [2mkafka_backup_core::metrics::server[0m[2m:[0m Metrics server shutting down
[2m2026-09-16T05:26:11.326192Z[0m [32m INFO[0m [2mkafka_backup::commands::restore[0m[2m:[0m Restore completed successfully
