
==> 00-preflight  (run 100g-20260915T164407Z, scale 100g)

==> Host tools
GATE preflight.tools: PASS - docker 29.7.2, compose 5.5.1

==> Docker resources
GATE preflight.docker_memory: PASS - 24 CPUs, 104 GiB for the Docker VM (need 24 GiB at 100g)
GATE preflight.docker_disk_free: PASS - 817 GiB free inside the Docker VM (need 280 GiB at 100g)

==> Images
GATE preflight.kafka_backup_version: PASS - kafka-backup 0.22.0 (kafka-backup:0.22.0-arm64)
GATE preflight.kafka_backup_native: PASS - image arm64 on a arm64 Docker VM, no emulation
 Image offload-verifier:local Building 
 Image offload-verifier:local Built 

==> Stack
 Network offload_default Creating 
 Network offload_default Creating 
 Volume offload_target-kafka-data Creating 
 Volume offload_target-kafka-data Creating 
 Volume offload_source-kafka-data Creating 
 Volume offload_source-kafka-data Creating 
 Volume offload_minio-data Creating 
 Volume offload_minio-data Creating 
 Volume offload_target-kafka-data Created 
 Volume offload_target-kafka-data Created 
 Volume offload_source-kafka-data Created 
 Volume offload_source-kafka-data Created 
 Volume offload_minio-data Created 
 Volume offload_minio-data Created 
 Network offload_default Created 
 Network offload_default Created 
 Container offload-minio-1 Creating 
 Container offload-source-kafka-1 Creating 
 Container offload-target-kafka-1 Creating 
 Container offload-minio-1 Created 
 Container offload-source-kafka-1 Created 
 Container offload-source-schema-registry-1 Creating 
 Container offload-target-kafka-1 Created 
 Container offload-target-schema-registry-1 Creating 
 Container offload-source-schema-registry-1 Created 
 Container offload-target-schema-registry-1 Created 
 Container offload-minio-1 Starting 
 Container offload-target-kafka-1 Starting 
 Container offload-source-kafka-1 Starting 
 Container offload-minio-1 Started 
 Container offload-target-kafka-1 Started 
 Container offload-target-kafka-1 Waiting 
 Container offload-source-kafka-1 Started 
 Container offload-source-kafka-1 Waiting 
 Container offload-target-kafka-1 Healthy 
 Container offload-target-schema-registry-1 Starting 
 Container offload-target-schema-registry-1 Started 
 Container offload-source-kafka-1 Healthy 
 Container offload-source-schema-registry-1 Starting 
 Container offload-source-schema-registry-1 Started 
 Container offload-minio-1 Waiting 
 Container offload-target-schema-registry-1 Waiting 
 Container offload-source-kafka-1 Waiting 
 Container offload-target-kafka-1 Waiting 
 Container offload-source-schema-registry-1 Waiting 
 Container offload-source-kafka-1 Healthy 
 Container offload-minio-1 Healthy 
 Container offload-target-kafka-1 Healthy 
 Container offload-target-schema-registry-1 Healthy 
 Container offload-source-schema-registry-1 Healthy 
 Container offload-minio-1 Running 
 Container offload-minio-setup-1 Creating 
 Container offload-minio-setup-1 Created 
Attaching to minio-setup-1
 Container offload-minio-setup-1 Starting 
 Container offload-minio-setup-1 Started 
minio-setup-1  | Bucket created successfully `local/kafka-backups`.
minio-setup-1  | Bucket created successfully `local/kafka-backups-sealed`.
minio-setup-1  | buckets ready
[Kminio-setup-1 exited with code 0
 Compose Stopping Aborting on container exit...
 Container offload-minio-setup-1 Stopping 
 Container offload-minio-setup-1 Stopped 
GATE preflight.stack_healthy: PASS - brokers, registries and MinIO up; buckets kafka-backups and kafka-backups-sealed (object lock)

==> Environment record
    ✔ run 100g-20260915T164407Z recorded in evidence/100g-20260915T164407Z/environment.json

PHASE 00-preflight: PASS (22s)
