
==> 10-seed  (run 100g-20260916T051309Z, scale 100g)

==> Seeding device-telemetry at scale 100g (seed 20260915)
 Image offload-verifier:local Building 
 Image offload-verifier:local Built 
 Container offload-verifier-run-516d4453efba Creating 
 Container offload-verifier-run-516d4453efba Created 
[05:13:33] murmur2 self test: {'21': {'expected': -973932308, 'actual': -973932308, 'ok': True}, 'foobar': {'expected': -790332482, 'actual': -790332482, 'ok': True}, 'abc': {'expected': 479470107, 'actual': 479470107, 'ok': True}}
[05:13:33] schema ids: decoys {'demo-decoy-meter-read-value': 1, 'demo-decoy-tariff-value': 2}, device-telemetry-value {'v1': 3, 'v2': 4}
[05:13:33] created device-telemetry: 6 partitions, {'cleanup.policy': 'delete', 'retention.ms': '-1', 'retention.bytes': '-1', 'segment.bytes': '298261616', 'segment.ms': '315360000000', 'message.timestamp.type': 'CreateTime', 'message.timestamp.before.max.ms': '9223372036854775807'}
[05:13:33] seeding 53,687,091 records into device-telemetry across 6 partitions, segment.bytes=298,261,616
[05:13:42] seed p3: 894,784/8,947,848 records (105,173 rec/s)
[05:13:42] seed p1: 894,784/8,947,849 records (105,079 rec/s)
[05:13:42] seed p2: 894,784/8,947,849 records (104,827 rec/s)
[05:13:42] seed p4: 894,784/8,947,848 records (104,748 rec/s)
[05:13:42] seed p0: 894,784/8,947,849 records (104,286 rec/s)
[05:13:42] seed p5: 894,784/8,947,848 records (103,732 rec/s)
[05:13:50] seed p1: 1,789,568/8,947,849 records (106,181 rec/s)
[05:13:50] seed p3: 1,789,568/8,947,848 records (106,097 rec/s)
[05:13:50] seed p2: 1,789,568/8,947,849 records (105,755 rec/s)
[05:13:50] seed p4: 1,789,568/8,947,848 records (105,625 rec/s)
[05:13:50] seed p0: 1,789,568/8,947,849 records (105,187 rec/s)
[05:13:50] seed p5: 1,789,568/8,947,848 records (105,162 rec/s)
[05:13:58] seed p1: 2,684,352/8,947,849 records (106,569 rec/s)
[05:13:58] seed p3: 2,684,352/8,947,848 records (106,378 rec/s)
[05:13:59] seed p2: 2,684,352/8,947,849 records (106,130 rec/s)
[05:13:59] seed p4: 2,684,352/8,947,848 records (105,988 rec/s)
[05:13:59] seed p5: 2,684,352/8,947,848 records (105,657 rec/s)
[05:13:59] seed p0: 2,684,352/8,947,849 records (105,560 rec/s)
[05:14:07] seed p1: 3,579,136/8,947,849 records (106,962 rec/s)
[05:14:07] seed p3: 3,579,136/8,947,848 records (106,774 rec/s)
[05:14:07] seed p2: 3,579,136/8,947,849 records (106,456 rec/s)
[05:14:07] seed p4: 3,579,136/8,947,848 records (106,268 rec/s)
[05:14:07] seed p5: 3,579,136/8,947,848 records (106,063 rec/s)
[05:14:07] seed p0: 3,579,136/8,947,849 records (105,869 rec/s)
[05:14:15] seed p1: 4,473,920/8,947,849 records (107,088 rec/s)
[05:14:15] seed p3: 4,473,920/8,947,848 records (106,912 rec/s)
[05:14:15] seed p2: 4,473,920/8,947,849 records (106,555 rec/s)
[05:14:15] seed p4: 4,473,920/8,947,848 records (106,341 rec/s)
[05:14:15] seed p5: 4,473,920/8,947,848 records (106,159 rec/s)
[05:14:15] seed p0: 4,473,920/8,947,849 records (105,900 rec/s)
[05:14:23] seed p1: 5,368,704/8,947,849 records (107,161 rec/s)
[05:14:23] seed p3: 5,368,704/8,947,848 records (106,997 rec/s)
[05:14:24] seed p2: 5,368,704/8,947,849 records (106,649 rec/s)
[05:14:24] seed p4: 5,368,704/8,947,848 records (106,352 rec/s)
[05:14:24] seed p5: 5,368,704/8,947,848 records (106,254 rec/s)
[05:14:24] seed p0: 5,368,704/8,947,849 records (105,937 rec/s)
[05:14:32] seed p1: 6,263,488/8,947,849 records (107,140 rec/s)
[05:14:32] seed p3: 6,263,488/8,947,848 records (106,990 rec/s)
[05:14:32] seed p2: 6,263,488/8,947,849 records (106,613 rec/s)
[05:14:32] seed p4: 6,263,488/8,947,848 records (106,321 rec/s)
[05:14:32] seed p5: 6,263,488/8,947,848 records (106,281 rec/s)
[05:14:32] seed p0: 6,263,488/8,947,849 records (105,899 rec/s)
[05:14:41] seed p1: 7,158,272/8,947,849 records (106,130 rec/s)
[05:14:41] seed p3: 7,158,272/8,947,848 records (106,003 rec/s)
[05:14:41] seed p2: 7,158,272/8,947,849 records (105,672 rec/s)
[05:14:41] seed p4: 7,158,272/8,947,848 records (105,433 rec/s)
[05:14:41] seed p5: 7,158,272/8,947,848 records (105,333 rec/s)
[05:14:41] seed p0: 7,158,272/8,947,849 records (105,063 rec/s)
[05:14:50] seed p1: 8,053,056/8,947,849 records (105,434 rec/s)
[05:14:50] seed p3: 8,053,056/8,947,848 records (105,367 rec/s)
[05:14:50] seed p2: 8,053,056/8,947,849 records (105,006 rec/s)
[05:14:50] seed p4: 8,053,056/8,947,848 records (104,869 rec/s)
[05:14:50] seed p5: 8,053,056/8,947,848 records (104,727 rec/s)
[05:14:50] seed p0: 8,053,056/8,947,849 records (104,529 rec/s)
[05:14:59] seed p1: 8,947,840/8,947,849 records (104,861 rec/s)
[05:14:59] seed p3: 8,947,840/8,947,848 records (104,831 rec/s)
[05:14:59] seed p2: 8,947,840/8,947,849 records (104,452 rec/s)
[05:14:59] seed p4: 8,947,840/8,947,848 records (104,356 rec/s)
[05:14:59] seed p5: 8,947,840/8,947,848 records (104,205 rec/s)
[05:14:59] seed p0: 8,947,840/8,947,849 records (104,065 rec/s)
[05:14:59] seeded 104.05 GB of values in 86s (1208.2 MB/s)
GATE seed.murmur2_matches_java_partitioner: PASS - {"21": {"expected": -973932308, "actual": -973932308, "ok": true}, "foobar": {"expected": -790332482, "actual": -790332482, "ok": true}, "abc": {"expected": 479470107, "actual": 479470107, "ok": true}}
GATE seed.watermarks: PASS - 53,687,091 records, low 0 and high == produced on every partition
GATE seed.no_future_timestamps: PASS - max ts 1789531196475 <= SEED_END_TS 1789531200000
    53,687,091 records, 104.05 GB of values, 1208.2 MB/s, segment.bytes 298,261,616

==> Consumer group telemetry-analytics, committed 60 days behind the newest record

GROUP               TOPIC            PARTITION  NEW-OFFSET
telemetry-analytics device-telemetry 4          7476969
telemetry-analytics device-telemetry 5          7476969
telemetry-analytics device-telemetry 2          7476970
telemetry-analytics device-telemetry 3          7476969
telemetry-analytics device-telemetry 0          7476970
telemetry-analytics device-telemetry 1          7476970

GROUP               TOPIC            PARTITION  CURRENT-OFFSET  LOG-END-OFFSET  LAG             CONSUMER-ID     HOST            CLIENT-ID
telemetry-analytics device-telemetry 0          7476970         8947849         1470879         -               -               -
telemetry-analytics device-telemetry 1          7476970         8947849         1470879         -               -               -
telemetry-analytics device-telemetry 2          7476970         8947849         1470879         -               -               -
telemetry-analytics device-telemetry 3          7476969         8947848         1470879         -               -               -
telemetry-analytics device-telemetry 4          7476969         8947848         1470879         -               -               -
telemetry-analytics device-telemetry 5          7476969         8947848         1470879         -               -               -
GATE seed.consumer_group_committed_behind: PASS - 6 of 6 partitions committed at 2026-07-18T04:00:00.000 UTC

PHASE 10-seed: PASS (91s)
