
==> 38-seal  (run 100g-20260916T051309Z, scale 100g)

==> Copy the verified backup into the object lock bucket
 Container offload-mc-run-76c905b714e7 Creating 
 Container offload-mc-run-76c905b714e7 Created 
 Container offload-mc-run-fa7faf58f6a7 Creating 
 Container offload-mc-run-fa7faf58f6a7 Created 
 Container offload-mc-run-620642b3f9cb Creating 
 Container offload-mc-run-620642b3f9cb Created 
 Container offload-mc-run-08d3b7831702 Creating 
 Container offload-mc-run-08d3b7831702 Created 
Object retention successfully set for `local/kafka-backups-sealed/backups/device-telemetry/topics/device-telemetry/partition=5/segment-00000000000008844636.bin.zst`.
Object retention successfully set for `local/kafka-backups-sealed/backups/device-telemetry/topics/device-telemetry/partition=5/segment-00000000000008908994.bin.zst`.

==> Record retention on every sealed object
 Container offload-mc-run-069c720bc85b Creating 
 Container offload-mc-run-069c720bc85b Created 
GATE seal.every_object_under_retention: PASS - 837 of 837 objects in GOVERNANCE mode for 30d

==> A sealed object version cannot be deleted
 Container offload-mc-run-10fb9543ba9e Creating 
 Container offload-mc-run-10fb9543ba9e Created 
 Container offload-mc-run-8f626322c292 Creating 
 Container offload-mc-run-8f626322c292 Created 
GATE seal.worm_blocks_version_delete: PASS - delete of topics/device-telemetry/partition=0/segment-00000000000000000000.bin.zst version 42837873-9168-46f0-8daa-14c098d9af1a refused: object is WORM protected and cannot be overwritten

==> Verify the sealed copy against the manifest anchor taken in phase 35
 Image offload-verifier:local Building 
 Image offload-verifier:local Built 
 Container offload-verifier-run-fd9b2fd1aebe Creating 
 Container offload-verifier-run-fd9b2fd1aebe Created 
GATE backup.manifest_anchor_intact.sealed: PASS - kafka-backups-sealed: manifest sha256 9ddf630a719fb866... vs anchor 9ddf630a719fb866...
GATE backup.manifest_covers_log_start_to_high_watermark.sealed: PASS - 53,687,091 records in 834 segments
GATE backup.manifest_no_gaps_or_pruned.sealed: PASS
GATE backup.topic_config_captured.sealed: PASS - retention.ms=-1 partitions=6
[05:21:57] verify-backup p5: 139 objects, 0 records
[05:21:57] verify-backup p3: 139 objects, 0 records
[05:21:57] verify-backup p0: 139 objects, 0 records
[05:21:57] verify-backup p1: 139 objects, 0 records
[05:21:57] verify-backup p4: 139 objects, 0 records
[05:21:57] verify-backup p2: 139 objects, 0 records
GATE backup.object_sha256_matches_manifest.sealed: PASS - 834 objects, 43.27 GB hashed

PHASE 38-seal: PASS (31s)
