
==> 50-retention-prune  (run 100g-20260915T164407Z, scale 100g)

==> Re-run the gate immediately before the change
 Image offload-verifier:local Building 
 Image offload-verifier:local Built 
 Container offload-verifier-run-88311c88d141 Creating 
 Container offload-verifier-run-88311c88d141 Created 
GATE prune_gate.backup_verified: PASS - verify-device-telemetry.json
GATE prune_gate.manifest_anchor_intact.kafka-backups: PASS
GATE prune_gate.manifest_anchor_intact.kafka-backups-sealed: PASS
GATE prune_gate.sealed_copy_verified: PASS
GATE prune_gate.backup_covers_live_topic: PASS - sealed manifest spans the current log start to high watermark on every partition, no gaps
GATE prune_gate.topic_unchanged_since_baseline: PASS - same segments, sizes and watermarks
GATE prune_gate.prediction_unambiguous: PASS - no segment's largest timestamp within 15 min of the cut
GATE prune_gate.newest_data_survives: PASS - SEED_END_TS is inside the new retention, so the topic is not emptied
GATE prune_gate.no_partition_emptied: PASS
GATE prune.prediction_unchanged_since_gate: PASS - gate prediction made 4s ago
[17:42:05] predicted: delete 48,990,007 records, 95.96 GB; keep 9.23 GB
 Container offload-verifier-run-4fa3da54ba15 Creating 
 Container offload-verifier-run-4fa3da54ba15 Created 
GATE prune_gate.consumer_impact_acknowledged: PASS - behind cut ['telemetry-analytics'], acknowledged ['telemetry-analytics']
[17:42:06] groups with offsets on device-telemetry: ['telemetry-analytics']; behind the cut: ['telemetry-analytics']

==> Set retention.ms=2592000000 on device-telemetry
Completed updating config for topic device-telemetry.

==> Wait for the retention check and compare with the prediction
 Container offload-verifier-run-228bb677f6a2 Creating 
 Container offload-verifier-run-228bb677f6a2 Created 
[17:42:13] log start offsets reached the prediction; waiting two more retention checks for any over-deletion
GATE prune.log_start_matches_prediction: PASS - p0 8214611, p1 8213552, p2 8068095, p3 8213514, p4 8065654, p5 8214581
GATE prune.remaining_segments_match_prediction: PASS
GATE prune.bytes_reclaimed_match_prediction: PASS - 95.962 GB reclaimed, predicted 95.962 GB
GATE prune.only_data_older_than_retention_deleted: PASS - newest deleted record is 30.02 days old, retention 30 days
GATE prune.sealed_backup_covers_every_deleted_offset: PASS
GATE prune.broker_reported_reclaim_matches_prediction: PASS - kafka-log-dirs 105195911169 -> 9233703236 bytes, reclaimed 95962207933, predicted 95962207933

==> telemetry-analytics resumes with auto.offset.reset=error
 Container offload-verifier-run-adbb18f65413 Creating 
 Container offload-verifier-run-adbb18f65413 Created 
GATE consumer.offset_out_of_range_surfaced: PASS - 6 partitions below log start, 6 raised OffsetOutOfRange with auto.offset.reset=error

PHASE 50-retention-prune: PASS (84s)
