
==> 65-verify-restore  (run 100g-20260915T164407Z, scale 100g)

==> Restored device-telemetry-audit against the baseline
 Image offload-verifier:local Building 
 Image offload-verifier:local Built 
 Container offload-verifier-run-1212110d9430 Creating 
 Container offload-verifier-run-1212110d9430 Created 
[17:44:29] verify-restore device-telemetry-audit p5: 882,477 records, 500 decoded samples
[17:44:29] verify-restore device-telemetry-audit p1: 882,516 records, 500 decoded samples
[17:44:29] verify-restore device-telemetry-audit p4: 882,473 records, 500 decoded samples
[17:44:29] verify-restore device-telemetry-audit p0: 882,501 records, 500 decoded samples
[17:44:29] verify-restore device-telemetry-audit p2: 882,495 records, 500 decoded samples
[17:44:29] verify-restore device-telemetry-audit p3: 882,504 records, 500 decoded samples
GATE restore.audit.original_offsets_strictly_increasing: PASS - every record carries x-original-offset; per partition strictly increasing, no duplicates
GATE restore.audit.create_time_preserved: PASS
GATE restore.audit.no_records_outside_window: PASS - window 1765843200000..1768953599999
GATE restore.audit.buckets_match_baseline: PASS - 5,294,966 records; 30 days x 6 partitions compared exactly
GATE restore.audit.every_difference_explained_by_segment_bounds: PASS - 182 records missing across 9 buckets, 182 predicted by manifest bounds
GATE restore.audit.avro_decodes_with_registry: PASS - 3000 sampled records decoded via http://target-schema-registry:8081; eventTime equals CreateTime
FINDING 88 records in 2025-12-19..2026-01-17 would be missed by an unpadded window because their backup segment's first/last timestamps fall outside it
SCHEMA_IDS 3

==> Every schema ID in the restored data resolves to the same schema on the restore registry
 Container offload-verifier-run-4f2d2a81f767 Creating 
 Container offload-verifier-run-4f2d2a81f767 Created 
GATE schemas.ids_resolve_identically.audit: PASS - {"3": {"source": 200, "target": 200, "identical": true}}

PHASE 65-verify-restore: PASS (15s)
