
==> 80-report  (run 100g-20260916T051309Z, scale 100g)

==> report.md
 Image offload-verifier:local Building 
 Image offload-verifier:local Built 
 Container offload-verifier-run-7bee3c59bf13 Creating 
 Container offload-verifier-run-7bee3c59bf13 Created 
[05:35:55] report.md: PASS, 118 gates, 4 findings

==> SHA256SUMS
    ✔ 98 files hashed; report at evidence/100g-20260916T051309Z/report.md

PHASE 80-report: PASS (2s)

==> 80-report  (run 100g-20260916T051309Z, scale 100g)

==> report.md
 Image offload-verifier:local Building 
 Image offload-verifier:local Built 
 Container offload-verifier-run-e81644ddcf5e Creating 
 Container offload-verifier-run-e81644ddcf5e Created 
[05:37:04] report.md: PASS, 118 gates, 4 findings

==> SHA256SUMS
    ✔ 132 files hashed; report at evidence/100g-20260916T051309Z/report.md

PHASE 80-report: PASS (1s)
