
==> 90-azurite  (run 100g-20260916T051309Z, scale 100g)

==> Start Azurite and seed a small topic
 Volume offload_azurite-data Creating 
 Volume offload_azurite-data Creating 
 Volume offload_azurite-data Created 
 Volume offload_azurite-data Created 
 Container offload-azurite-1 Creating 
 Container offload-azurite-1 Created 
 Container offload-azurite-1 Starting 
 Container offload-azurite-1 Started 
 Image offload-verifier:local Building 
 Image offload-verifier:local Built 
 Container offload-verifier-run-f0c1d886a3a0 Creating 
 Container offload-verifier-run-f0c1d886a3a0 Created 
[05:36:59] murmur2 self test: {'21': {'expected': -973932308, 'actual': -973932308, 'ok': True}, 'foobar': {'expected': -790332482, 'actual': -790332482, 'ok': True}, 'abc': {'expected': 479470107, 'actual': 479470107, 'ok': True}}
[05:36:59] schema ids: decoys {'demo-decoy-meter-read-value': 1, 'demo-decoy-tariff-value': 2}, azurite-smoke-value {'v1': 3, 'v2': 4}
[05:36:59] created azurite-smoke: 6 partitions, {'cleanup.policy': 'delete', 'retention.ms': '-1', 'retention.bytes': '-1', 'segment.bytes': '1048576', 'segment.ms': '315360000000', 'message.timestamp.type': 'CreateTime', 'message.timestamp.before.max.ms': '9223372036854775807'}
[05:36:59] seeding 30,000 records into azurite-smoke across 6 partitions, segment.bytes=1,048,576
[05:37:00] seed p0: 500/5,000 records (88,746 rec/s)
[05:37:00] seed p1: 500/5,000 records (90,050 rec/s)
[05:37:00] seed p2: 500/5,000 records (84,054 rec/s)
[05:37:00] seed p4: 500/5,000 records (88,984 rec/s)
[05:37:00] seed p3: 500/5,000 records (86,663 rec/s)
[05:37:00] seed p5: 500/5,000 records (82,912 rec/s)
[05:37:00] seed p1: 1,000/5,000 records (93,655 rec/s)
[05:37:00] seed p0: 1,000/5,000 records (90,728 rec/s)
[05:37:00] seed p2: 1,000/5,000 records (89,300 rec/s)
[05:37:00] seed p4: 1,000/5,000 records (90,755 rec/s)
[05:37:00] seed p3: 1,000/5,000 records (87,982 rec/s)
[05:37:00] seed p5: 1,000/5,000 records (88,277 rec/s)
[05:37:00] seed p1: 1,500/5,000 records (95,097 rec/s)
[05:37:00] seed p0: 1,500/5,000 records (92,597 rec/s)
[05:37:00] seed p2: 1,500/5,000 records (93,114 rec/s)
[05:37:00] seed p4: 1,500/5,000 records (94,110 rec/s)
[05:37:00] seed p3: 1,500/5,000 records (92,440 rec/s)
[05:37:00] seed p5: 1,500/5,000 records (91,318 rec/s)
[05:37:00] seed p1: 2,000/5,000 records (96,317 rec/s)
[05:37:00] seed p0: 2,000/5,000 records (94,793 rec/s)
[05:37:00] seed p2: 2,000/5,000 records (93,368 rec/s)
[05:37:00] seed p4: 2,000/5,000 records (96,177 rec/s)
[05:37:00] seed p3: 2,000/5,000 records (95,051 rec/s)
[05:37:00] seed p5: 2,000/5,000 records (93,722 rec/s)
[05:37:00] seed p1: 2,500/5,000 records (97,059 rec/s)
[05:37:00] seed p0: 2,500/5,000 records (96,027 rec/s)
[05:37:00] seed p2: 2,500/5,000 records (94,637 rec/s)
[05:37:00] seed p4: 2,500/5,000 records (97,140 rec/s)
[05:37:00] seed p3: 2,500/5,000 records (96,441 rec/s)
[05:37:00] seed p5: 2,500/5,000 records (94,894 rec/s)
[05:37:00] seed p1: 3,000/5,000 records (97,434 rec/s)
[05:37:00] seed p0: 3,000/5,000 records (96,971 rec/s)
[05:37:00] seed p2: 3,000/5,000 records (95,081 rec/s)
[05:37:00] seed p4: 3,000/5,000 records (95,893 rec/s)
[05:37:00] seed p3: 3,000/5,000 records (97,234 rec/s)
[05:37:00] seed p5: 3,000/5,000 records (96,177 rec/s)
[05:37:00] seed p0: 3,500/5,000 records (97,839 rec/s)
[05:37:00] seed p1: 3,500/5,000 records (97,508 rec/s)
[05:37:00] seed p2: 3,500/5,000 records (95,754 rec/s)
[05:37:00] seed p4: 3,500/5,000 records (96,375 rec/s)
[05:37:00] seed p3: 3,500/5,000 records (96,154 rec/s)
[05:37:00] seed p0: 4,000/5,000 records (97,953 rec/s)
[05:37:00] seed p5: 3,500/5,000 records (95,443 rec/s)
[05:37:00] seed p1: 4,000/5,000 records (97,542 rec/s)
[05:37:00] seed p2: 4,000/5,000 records (95,822 rec/s)
[05:37:00] seed p4: 4,000/5,000 records (96,160 rec/s)
[05:37:00] seed p3: 4,000/5,000 records (95,288 rec/s)
[05:37:00] seed p5: 4,000/5,000 records (95,333 rec/s)
[05:37:00] seed p0: 4,500/5,000 records (97,370 rec/s)
[05:37:00] seed p1: 4,500/5,000 records (97,337 rec/s)
[05:37:00] seed p2: 4,500/5,000 records (95,619 rec/s)
[05:37:00] seed p4: 4,500/5,000 records (95,930 rec/s)
[05:37:00] seed p3: 4,500/5,000 records (95,170 rec/s)
[05:37:00] seed p0: 5,000/5,000 records (97,138 rec/s)
[05:37:00] seed p5: 4,500/5,000 records (94,812 rec/s)
[05:37:00] seed p1: 5,000/5,000 records (96,844 rec/s)
[05:37:00] seed p2: 5,000/5,000 records (94,940 rec/s)
[05:37:00] seed p4: 5,000/5,000 records (94,867 rec/s)
[05:37:00] seed p3: 5,000/5,000 records (95,239 rec/s)
[05:37:00] seed p5: 5,000/5,000 records (94,035 rec/s)
GATE seed.murmur2_matches_java_partitioner: PASS - {"21": {"expected": -973932308, "actual": -973932308, "ok": true}, "foobar": {"expected": -790332482, "actual": -790332482, "ok": true}, "abc": {"expected": 479470107, "actual": 479470107, "ok": true}}
GATE seed.watermarks: PASS - 30,000 records, low 0 and high == produced on every partition
GATE seed.no_future_timestamps: PASS - max ts 1789530681600 <= SEED_END_TS 1789531200000
[05:37:01] seeded 0.06 GB of values in 1s (48.7 MB/s)
 Container offload-verifier-run-316b0c8aea58 Creating 
 Container offload-verifier-run-316b0c8aea58 Created 
containers: ['kafka-backups']

==> Backup to Azurite
Error: Storage error: Backend error: Azure PUT failed: Generic MicrosoftAzure error: Error performing PUT http://azurite:10000/devstoreaccount1/kafka-backups/azurite/azurite-smoke/offsets.db in 5.333µs - HTTP error: builder error

Caused by:
    Backend error: Azure PUT failed: Generic MicrosoftAzure error: Error performing PUT http://azurite:10000/devstoreaccount1/kafka-backups/azurite/azurite-smoke/offsets.db in 5.333µs - HTTP error: builder error

GATE azurite.backup: FAIL - kafka-backup 0.22.0 cannot reach the emulator; needs Azure emulator support (use_emulator / allow_http) in kafka-backup

PHASE 90-azurite: FAIL (exit 1 after 6s)
